#-----------------------------------------------------------
# Vivado v2022.2 (64-bit)
# SW Build 3671981 on Fri Oct 14 05:00:03 MDT 2022
# IP Build 3669848 on Fri Oct 14 08:30:02 MDT 2022
# Start of session at: Mon May 18 21:25:12 2026
# Process ID: 15936
# Current directory: D:/BAITAP/fpga_arty100/mkv
# Command line: vivado.exe -gui_launcher_event rodinguilauncherevent3672 D:\BAITAP\fpga_arty100\mkv\mkv.xpr
# Log file: D:/BAITAP/fpga_arty100/mkv/vivado.log
# Journal file: D:/BAITAP/fpga_arty100/mkv\vivado.jou
# Running On: DESKTOP-VUP21B1, OS: Windows, CPU Frequency: 3693 MHz, CPU Physical cores: 12, Host memory: 33997 MB
#-----------------------------------------------------------
start_gui
open_project D:/BAITAP/fpga_arty100/mkv/mkv.xpr
update_compile_order -fileset sources_1
launch_simulation
source tb_Key_Expansion.tcl
relaunch_sim
relaunch_sim
relaunch_sim
relaunch_sim
relaunch_sim
relaunch_sim
relaunch_sim
close_sim
launch_simulation
source tb_Key_Expansion.tcl
relaunch_sim
relaunch_sim
relaunch_sim
close_sim
