Copyright 1986-2022 Xilinx, Inc. All Rights Reserved.
------------------------------------------------------------------------------------------------------------------------------------------------------------------------------------------------------------------------------------
| Tool Version : Vivado v.2022.2 (lin64) Build 3671981 Fri Oct 14 04:59:54 MDT 2022
| Date         : Tue May 19 17:17:31 2026
| Host         : tronghieu-LOQ-15IAX9 running 64-bit Ubuntu 24.04.4 LTS
| Command      : report_timing_summary -max_paths 10 -report_unconstrained -file Key_Expansion_timing_summary_routed.rpt -pb Key_Expansion_timing_summary_routed.pb -rpx Key_Expansion_timing_summary_routed.rpx -warn_on_violation
| Design       : Key_Expansion
| Device       : 7a100t-csg324
| Speed File   : -1  PRODUCTION 1.23 2018-06-13
------------------------------------------------------------------------------------------------------------------------------------------------------------------------------------------------------------------------------------

Timing Summary Report

------------------------------------------------------------------------------------------------
| Timer Settings
| --------------
------------------------------------------------------------------------------------------------

  Enable Multi Corner Analysis               :  Yes
  Enable Pessimism Removal                   :  Yes
  Pessimism Removal Resolution               :  Nearest Common Node
  Enable Input Delay Default Clock           :  No
  Enable Preset / Clear Arcs                 :  No
  Disable Flight Delays                      :  No
  Ignore I/O Paths                           :  No
  Timing Early Launch at Borrowing Latches   :  No
  Borrow Time for Max Delay Exceptions       :  Yes
  Merge Timing Exceptions                    :  Yes

  Corner  Analyze    Analyze    
  Name    Max Paths  Min Paths  
  ------  ---------  ---------  
  Slow    Yes        Yes        
  Fast    Yes        Yes        


------------------------------------------------------------------------------------------------
| Report Methodology
| ------------------
------------------------------------------------------------------------------------------------

Rule       Severity          Description                     Violations  
---------  ----------------  ------------------------------  ----------  
TIMING-17  Critical Warning  Non-clocked sequential cell     653         
TIMING-20  Warning           Non-clocked latch               128         
LATCH-1    Advisory          Existing latches in the design  1           

Note: This report is based on the most recent report_methodology run and may not be up-to-date. Run report_methodology on the current design for the latest report.



check_timing report

Table of Contents
-----------------
1. checking no_clock (781)
2. checking constant_clock (0)
3. checking pulse_width_clock (0)
4. checking unconstrained_internal_endpoints (2086)
5. checking no_input_delay (258)
6. checking no_output_delay (385)
7. checking multiple_clock (0)
8. checking generated_clocks (0)
9. checking loops (0)
10. checking partial_input_delay (0)
11. checking partial_output_delay (0)
12. checking latch_loops (0)

1. checking no_clock (781)
--------------------------
 There are 653 register/latch pins with no clock driven by root clock pin: clk (HIGH)

 There are 128 register/latch pins with no clock driven by root clock pin: FSM_onehot_state_reg_reg[0]/Q (HIGH)


2. checking constant_clock (0)
------------------------------
 There are 0 register/latch pins with constant_clock.


3. checking pulse_width_clock (0)
---------------------------------
 There are 0 register/latch pins which need pulse_width check


4. checking unconstrained_internal_endpoints (2086)
---------------------------------------------------
 There are 2086 pins that are not constrained for maximum delay. (HIGH)

 There are 0 pins that are not constrained for maximum delay due to constant clock.


5. checking no_input_delay (258)
--------------------------------
 There are 258 input ports with no input delay specified. (HIGH)

 There are 0 input ports with no input delay but user has a false path constraint.


6. checking no_output_delay (385)
---------------------------------
 There are 385 ports with no output delay specified. (HIGH)

 There are 0 ports with no output delay but user has a false path constraint

 There are 0 ports with no output delay but with a timing clock defined on it or propagating through it


7. checking multiple_clock (0)
------------------------------
 There are 0 register/latch pins with multiple clocks.


8. checking generated_clocks (0)
--------------------------------
 There are 0 generated clocks that are not connected to a clock source.


9. checking loops (0)
---------------------
 There are 0 combinational loops in the design.


10. checking partial_input_delay (0)
------------------------------------
 There are 0 input ports with partial input delay specified.


11. checking partial_output_delay (0)
-------------------------------------
 There are 0 ports with partial output delay specified.


12. checking latch_loops (0)
----------------------------
 There are 0 combinational latch loops in the design through latch input



------------------------------------------------------------------------------------------------
| Design Timing Summary
| ---------------------
------------------------------------------------------------------------------------------------

    WNS(ns)      TNS(ns)  TNS Failing Endpoints  TNS Total Endpoints      WHS(ns)      THS(ns)  THS Failing Endpoints  THS Total Endpoints     WPWS(ns)     TPWS(ns)  TPWS Failing Endpoints  TPWS Total Endpoints  
    -------      -------  ---------------------  -------------------      -------      -------  ---------------------  -------------------     --------     --------  ----------------------  --------------------  
        inf        0.000                      0                 2471          inf        0.000                      0                 2471           NA           NA                      NA                    NA  


There are no user specified timing constraints.


------------------------------------------------------------------------------------------------
| Clock Summary
| -------------
------------------------------------------------------------------------------------------------


------------------------------------------------------------------------------------------------
| Intra Clock Table
| -----------------
------------------------------------------------------------------------------------------------

Clock             WNS(ns)      TNS(ns)  TNS Failing Endpoints  TNS Total Endpoints      WHS(ns)      THS(ns)  THS Failing Endpoints  THS Total Endpoints     WPWS(ns)     TPWS(ns)  TPWS Failing Endpoints  TPWS Total Endpoints  
-----             -------      -------  ---------------------  -------------------      -------      -------  ---------------------  -------------------     --------     --------  ----------------------  --------------------  


------------------------------------------------------------------------------------------------
| Inter Clock Table
| -----------------
------------------------------------------------------------------------------------------------

From Clock    To Clock          WNS(ns)      TNS(ns)  TNS Failing Endpoints  TNS Total Endpoints      WHS(ns)      THS(ns)  THS Failing Endpoints  THS Total Endpoints  
----------    --------          -------      -------  ---------------------  -------------------      -------      -------  ---------------------  -------------------  


------------------------------------------------------------------------------------------------
| Other Path Groups Table
| -----------------------
------------------------------------------------------------------------------------------------

Path Group    From Clock    To Clock          WNS(ns)      TNS(ns)  TNS Failing Endpoints  TNS Total Endpoints      WHS(ns)      THS(ns)  THS Failing Endpoints  THS Total Endpoints  
----------    ----------    --------          -------      -------  ---------------------  -------------------      -------      -------  ---------------------  -------------------  


------------------------------------------------------------------------------------------------
| User Ignored Path Table
| -----------------------
------------------------------------------------------------------------------------------------

Path Group    From Clock    To Clock    
----------    ----------    --------    


------------------------------------------------------------------------------------------------
| Unconstrained Path Table
| ------------------------
------------------------------------------------------------------------------------------------

Path Group    From Clock    To Clock    
----------    ----------    --------    
(none)                                    


------------------------------------------------------------------------------------------------
| Timing Details
| --------------
------------------------------------------------------------------------------------------------


--------------------------------------------------------------------------------------
Path Group:  (none)
From Clock:  
  To Clock:  

Max Delay          2471 Endpoints
Min Delay          2471 Endpoints
--------------------------------------------------------------------------------------


Max Delay Paths
--------------------------------------------------------------------------------------
Slack:                    inf
  Source:                 FSM_onehot_state_reg_reg[5]_rep__0/C
                            (rising edge-triggered cell FDCE)
  Destination:            k0_reg_reg[38]/D
  Path Group:             (none)
  Path Type:              Max at Slow Process Corner
  Data Path Delay:        33.870ns  (logic 3.820ns (11.278%)  route 30.050ns (88.722%))
  Logic Levels:           20  (FDCE=1 LUT2=3 LUT3=2 LUT4=2 LUT6=9 MUXF7=2 MUXF8=1)

    Location             Delay type                Incr(ns)  Path(ns)    Netlist Resource(s)
  -------------------------------------------------------------------    -------------------
    SLICE_X62Y18         FDCE                         0.000     0.000 r  FSM_onehot_state_reg_reg[5]_rep__0/C
    SLICE_X62Y18         FDCE (Prop_fdce_C_Q)         0.478     0.478 r  FSM_onehot_state_reg_reg[5]_rep__0/Q
                         net (fo=86, routed)          0.896     1.374    GKEY0/Sub4/gen_sbox[4].SBOX_INST/D[0]
    SLICE_X62Y18         LUT2 (Prop_lut2_I1_O)        0.296     1.670 r  GKEY0/Sub4/gen_sbox[4].SBOX_INST/done_reg_i_2/O
                         net (fo=372, routed)        10.586    12.256    GKEY1/Sub4/gen_sbox[4].SBOX_INST/g0_b0_i_41
    SLICE_X35Y32         LUT2 (Prop_lut2_I0_O)        0.124    12.380 r  GKEY1/Sub4/gen_sbox[4].SBOX_INST/g0_b0_i_2__105/O
                         net (fo=32, routed)          1.519    13.899    GKEY1/Sub4/gen_sbox[4].SBOX_INST/data_in[97]
    SLICE_X30Y34         LUT6 (Prop_lut6_I1_O)        0.124    14.023 r  GKEY1/Sub4/gen_sbox[4].SBOX_INST/g0_b7__75/O
                         net (fo=1, routed)           0.000    14.023    GKEY1/Sub1/gen_sbox[12].SBOX_INST/g0_b0_i_7__0
    SLICE_X30Y34         MUXF7 (Prop_muxf7_I0_O)      0.241    14.264 r  GKEY1/Sub1/gen_sbox[12].SBOX_INST/g0_b0_i_22/O
                         net (fo=2, routed)           0.804    15.067    GKEY1/Sub1/gen_sbox[14].SBOX_INST/g0_b0_i_6__78
    SLICE_X27Y34         LUT6 (Prop_lut6_I3_O)        0.298    15.365 r  GKEY1/Sub1/gen_sbox[14].SBOX_INST/g0_b0_i_7__0/O
                         net (fo=7, routed)           1.275    16.640    GKEY1/Sub1/gen_sbox[14].SBOX_INST/k1_reg_reg[119]_0
    SLICE_X29Y36         LUT2 (Prop_lut2_I1_O)        0.124    16.764 r  GKEY1/Sub1/gen_sbox[14].SBOX_INST/g0_b0_i_32__11/O
                         net (fo=3, routed)           0.598    17.362    GKEY1/Sub1/gen_sbox[12].SBOX_INST/g0_b0__94_2
    SLICE_X30Y35         LUT4 (Prop_lut4_I3_O)        0.124    17.486 f  GKEY1/Sub1/gen_sbox[12].SBOX_INST/g0_b0_i_4__78/O
                         net (fo=32, routed)          2.216    19.701    GKEY1/Sub1/gen_sbox[12].SBOX_INST/Mix1/gen_cols[0].concurrency_block.y0[3]
    SLICE_X34Y41         LUT6 (Prop_lut6_I3_O)        0.124    19.825 r  GKEY1/Sub1/gen_sbox[12].SBOX_INST/g0_b1__94/O
                         net (fo=1, routed)           0.689    20.515    GKEY1/Sub2/gen_sbox[15].SBOX_INST/g0_b0_i_2__60_2
    SLICE_X34Y41         LUT6 (Prop_lut6_I5_O)        0.124    20.639 r  GKEY1/Sub2/gen_sbox[15].SBOX_INST/g0_b0_i_11/O
                         net (fo=3, routed)           0.830    21.469    GKEY1/Sub1/gen_sbox[12].SBOX_INST/s2[57]
    SLICE_X34Y39         LUT3 (Prop_lut3_I0_O)        0.124    21.593 r  GKEY1/Sub1/gen_sbox[12].SBOX_INST/g0_b0_i_2__60/O
                         net (fo=32, routed)          2.221    23.814    GKEY1/Sub1/gen_sbox[12].SBOX_INST/x1[89]
    SLICE_X25Y31         LUT6 (Prop_lut6_I1_O)        0.124    23.938 r  GKEY1/Sub1/gen_sbox[12].SBOX_INST/g1_b6__106/O
                         net (fo=1, routed)           0.000    23.938    GKEY1/Sub3/gen_sbox[11].SBOX_INST/g0_b0_i_18_1
    SLICE_X25Y31         MUXF7 (Prop_muxf7_I1_O)      0.245    24.183 r  GKEY1/Sub3/gen_sbox[11].SBOX_INST/g0_b0_i_32/O
                         net (fo=1, routed)           0.000    24.183    GKEY1/Sub3/gen_sbox[11].SBOX_INST/g0_b0_i_32_n_0
    SLICE_X25Y31         MUXF8 (Prop_muxf8_I0_O)      0.104    24.287 r  GKEY1/Sub3/gen_sbox[11].SBOX_INST/g0_b0_i_18/O
                         net (fo=7, routed)           1.288    25.575    GKEY1/Sub1/gen_sbox[12].SBOX_INST/s3[48]
    SLICE_X20Y28         LUT4 (Prop_lut4_I2_O)        0.344    25.919 r  GKEY1/Sub1/gen_sbox[12].SBOX_INST/g0_b0_i_33__13/O
                         net (fo=4, routed)           0.829    26.748    GKEY1/Sub1/gen_sbox[12].SBOX_INST/g0_b0_i_15
    SLICE_X21Y26         LUT3 (Prop_lut3_I2_O)        0.326    27.074 r  GKEY1/Sub1/gen_sbox[12].SBOX_INST/g0_b0_i_21__17/O
                         net (fo=3, routed)           0.874    27.947    GKEY1/Sub1/gen_sbox[12].SBOX_INST/g0_b0_i_33__13_0
    SLICE_X21Y27         LUT6 (Prop_lut6_I2_O)        0.124    28.071 r  GKEY1/Sub1/gen_sbox[12].SBOX_INST/g0_b0_i_3__81/O
                         net (fo=32, routed)          1.600    29.672    GKEY1/Sub1/gen_sbox[12].SBOX_INST/m2[66]
    SLICE_X16Y20         LUT6 (Prop_lut6_I2_O)        0.124    29.796 r  GKEY1/Sub1/gen_sbox[12].SBOX_INST/g3_b6__119/O
                         net (fo=1, routed)           0.799    30.595    GKEY1/Sub4/gen_sbox[8].SBOX_INST/k0_reg_reg[38]
    SLICE_X16Y21         LUT6 (Prop_lut6_I0_O)        0.124    30.719 r  GKEY1/Sub4/gen_sbox[8].SBOX_INST/keyk1_reg[102]_i_2/O
                         net (fo=9, routed)           3.027    33.746    GKEY1/Sub1/gen_sbox[8].SBOX_INST/s4_0[38]
    SLICE_X55Y13         LUT6 (Prop_lut6_I1_O)        0.124    33.870 r  GKEY1/Sub1/gen_sbox[8].SBOX_INST/k0_reg[38]_i_1/O
                         net (fo=1, routed)           0.000    33.870    k0_next[38]
    SLICE_X55Y13         FDCE                                         r  k0_reg_reg[38]/D
  -------------------------------------------------------------------    -------------------

Slack:                    inf
  Source:                 FSM_onehot_state_reg_reg[5]_rep__0/C
                            (rising edge-triggered cell FDCE)
  Destination:            k0_reg_reg[70]/D
  Path Group:             (none)
  Path Type:              Max at Slow Process Corner
  Data Path Delay:        33.730ns  (logic 3.137ns (9.300%)  route 30.593ns (90.700%))
  Logic Levels:           19  (FDCE=1 LUT2=2 LUT3=2 LUT4=1 LUT6=11 MUXF7=1 MUXF8=1)

    Location             Delay type                Incr(ns)  Path(ns)    Netlist Resource(s)
  -------------------------------------------------------------------    -------------------
    SLICE_X62Y18         FDCE                         0.000     0.000 r  FSM_onehot_state_reg_reg[5]_rep__0/C
    SLICE_X62Y18         FDCE (Prop_fdce_C_Q)         0.478     0.478 r  FSM_onehot_state_reg_reg[5]_rep__0/Q
                         net (fo=86, routed)          0.896     1.374    GKEY0/Sub4/gen_sbox[4].SBOX_INST/D[0]
    SLICE_X62Y18         LUT2 (Prop_lut2_I1_O)        0.296     1.670 r  GKEY0/Sub4/gen_sbox[4].SBOX_INST/done_reg_i_2/O
                         net (fo=372, routed)        10.379    12.049    GKEY1/Sub4/gen_sbox[4].SBOX_INST/g0_b0_i_41
    SLICE_X34Y32         LUT2 (Prop_lut2_I0_O)        0.124    12.173 r  GKEY1/Sub4/gen_sbox[4].SBOX_INST/g0_b0_i_3__99/O
                         net (fo=32, routed)          1.729    13.902    GKEY1/Sub4/gen_sbox[4].SBOX_INST/data_in[98]
    SLICE_X33Y33         LUT6 (Prop_lut6_I2_O)        0.124    14.026 r  GKEY1/Sub4/gen_sbox[4].SBOX_INST/g2_b2__75/O
                         net (fo=1, routed)           0.505    14.531    GKEY1/Sub1/gen_sbox[12].SBOX_INST/g0_b0_i_14__18_0
    SLICE_X32Y33         LUT6 (Prop_lut6_I1_O)        0.124    14.655 r  GKEY1/Sub1/gen_sbox[12].SBOX_INST/g0_b0_i_27/O
                         net (fo=5, routed)           1.856    16.511    GKEY1/Sub1/gen_sbox[14].SBOX_INST/g0_b0__93_0[2]
    SLICE_X27Y34         LUT6 (Prop_lut6_I0_O)        0.124    16.635 r  GKEY1/Sub1/gen_sbox[14].SBOX_INST/g0_b0_i_14__18/O
                         net (fo=19, routed)          0.999    17.634    GKEY1/Sub1/gen_sbox[14].SBOX_INST/k1_reg_reg[119]_4
    SLICE_X30Y35         LUT3 (Prop_lut3_I2_O)        0.124    17.758 r  GKEY1/Sub1/gen_sbox[14].SBOX_INST/g0_b0_i_5__75/O
                         net (fo=32, routed)          1.846    19.604    GKEY1/Sub1/gen_sbox[14].SBOX_INST/Mix1/gen_cols[0].concurrency_block.y1[4]
    SLICE_X36Y41         LUT6 (Prop_lut6_I4_O)        0.124    19.728 r  GKEY1/Sub1/gen_sbox[14].SBOX_INST/g0_b5__93/O
                         net (fo=1, routed)           0.870    20.598    GKEY1/Sub2/gen_sbox[14].SBOX_INST/g0_b0_i_6__59_2
    SLICE_X37Y41         LUT6 (Prop_lut6_I5_O)        0.124    20.722 r  GKEY1/Sub2/gen_sbox[14].SBOX_INST/g0_b0_i_23/O
                         net (fo=3, routed)           0.472    21.194    GKEY1/Sub1/gen_sbox[14].SBOX_INST/s2[61]
    SLICE_X40Y40         LUT3 (Prop_lut3_I0_O)        0.124    21.318 r  GKEY1/Sub1/gen_sbox[14].SBOX_INST/g0_b0_i_6__51/O
                         net (fo=32, routed)          1.983    23.301    GKEY1/Sub1/gen_sbox[14].SBOX_INST/x1[53]
    SLICE_X36Y26         LUT6 (Prop_lut6_I5_O)        0.124    23.425 r  GKEY1/Sub1/gen_sbox[14].SBOX_INST/g3_b0__101/O
                         net (fo=1, routed)           0.000    23.425    GKEY1/Sub3/gen_sbox[6].SBOX_INST/g0_b0_i_7_3
    SLICE_X36Y26         MUXF7 (Prop_muxf7_I1_O)      0.217    23.642 r  GKEY1/Sub3/gen_sbox[6].SBOX_INST/g0_b0_i_11/O
                         net (fo=1, routed)           0.000    23.642    GKEY1/Sub3/gen_sbox[6].SBOX_INST/g0_b0_i_11_n_0
    SLICE_X36Y26         MUXF8 (Prop_muxf8_I1_O)      0.094    23.736 r  GKEY1/Sub3/gen_sbox[6].SBOX_INST/g0_b0_i_7/O
                         net (fo=3, routed)           1.137    24.873    GKEY1/Sub1/gen_sbox[12].SBOX_INST/s3[14]
    SLICE_X30Y28         LUT6 (Prop_lut6_I5_O)        0.316    25.189 r  GKEY1/Sub1/gen_sbox[12].SBOX_INST/g0_b0_i_13__22/O
                         net (fo=5, routed)           0.965    26.154    GKEY1/Sub1/gen_sbox[12].SBOX_INST/g0_b0_i_7
    SLICE_X31Y24         LUT4 (Prop_lut4_I1_O)        0.124    26.278 r  GKEY1/Sub1/gen_sbox[12].SBOX_INST/g0_b0_i_29__15/O
                         net (fo=3, routed)           1.046    27.323    GKEY1/Sub1/gen_sbox[12].SBOX_INST/g0_b0_i_29__15_n_0
    SLICE_X30Y26         LUT6 (Prop_lut6_I0_O)        0.124    27.447 r  GKEY1/Sub1/gen_sbox[12].SBOX_INST/g0_b0_i_5__81/O
                         net (fo=32, routed)          1.777    29.225    GKEY1/Sub1/gen_sbox[12].SBOX_INST/m2[36]
    SLICE_X21Y23         LUT6 (Prop_lut6_I4_O)        0.124    29.349 r  GKEY1/Sub1/gen_sbox[12].SBOX_INST/g1_b6__115/O
                         net (fo=1, routed)           0.670    30.019    GKEY1/Sub4/gen_sbox[4].SBOX_INST/k0_reg_reg[70]_1
    SLICE_X21Y23         LUT6 (Prop_lut6_I3_O)        0.124    30.143 r  GKEY1/Sub4/gen_sbox[4].SBOX_INST/keyk1_reg[102]_i_3/O
                         net (fo=9, routed)           3.463    33.606    GKEY1/Sub1/gen_sbox[8].SBOX_INST/s4_0[22]
    SLICE_X55Y13         LUT6 (Prop_lut6_I1_O)        0.124    33.730 r  GKEY1/Sub1/gen_sbox[8].SBOX_INST/k0_reg[70]_i_1/O
                         net (fo=1, routed)           0.000    33.730    k0_next[70]
    SLICE_X55Y13         FDCE                                         r  k0_reg_reg[70]/D
  -------------------------------------------------------------------    -------------------

Slack:                    inf
  Source:                 FSM_onehot_state_reg_reg[5]_rep__0/C
                            (rising edge-triggered cell FDCE)
  Destination:            xor_key_reg_reg[35]/D
  Path Group:             (none)
  Path Type:              Max at Slow Process Corner
  Data Path Delay:        33.608ns  (logic 3.820ns (11.366%)  route 29.788ns (88.634%))
  Logic Levels:           20  (FDCE=1 LUT2=3 LUT3=2 LUT4=2 LUT6=9 MUXF7=2 MUXF8=1)

    Location             Delay type                Incr(ns)  Path(ns)    Netlist Resource(s)
  -------------------------------------------------------------------    -------------------
    SLICE_X62Y18         FDCE                         0.000     0.000 r  FSM_onehot_state_reg_reg[5]_rep__0/C
    SLICE_X62Y18         FDCE (Prop_fdce_C_Q)         0.478     0.478 r  FSM_onehot_state_reg_reg[5]_rep__0/Q
                         net (fo=86, routed)          0.896     1.374    GKEY0/Sub4/gen_sbox[4].SBOX_INST/D[0]
    SLICE_X62Y18         LUT2 (Prop_lut2_I1_O)        0.296     1.670 r  GKEY0/Sub4/gen_sbox[4].SBOX_INST/done_reg_i_2/O
                         net (fo=372, routed)        10.586    12.256    GKEY1/Sub4/gen_sbox[4].SBOX_INST/g0_b0_i_41
    SLICE_X35Y32         LUT2 (Prop_lut2_I0_O)        0.124    12.380 r  GKEY1/Sub4/gen_sbox[4].SBOX_INST/g0_b0_i_2__105/O
                         net (fo=32, routed)          1.519    13.899    GKEY1/Sub4/gen_sbox[4].SBOX_INST/data_in[97]
    SLICE_X30Y34         LUT6 (Prop_lut6_I1_O)        0.124    14.023 r  GKEY1/Sub4/gen_sbox[4].SBOX_INST/g0_b7__75/O
                         net (fo=1, routed)           0.000    14.023    GKEY1/Sub1/gen_sbox[12].SBOX_INST/g0_b0_i_7__0
    SLICE_X30Y34         MUXF7 (Prop_muxf7_I0_O)      0.241    14.264 r  GKEY1/Sub1/gen_sbox[12].SBOX_INST/g0_b0_i_22/O
                         net (fo=2, routed)           0.804    15.067    GKEY1/Sub1/gen_sbox[14].SBOX_INST/g0_b0_i_6__78
    SLICE_X27Y34         LUT6 (Prop_lut6_I3_O)        0.298    15.365 r  GKEY1/Sub1/gen_sbox[14].SBOX_INST/g0_b0_i_7__0/O
                         net (fo=7, routed)           1.275    16.640    GKEY1/Sub1/gen_sbox[14].SBOX_INST/k1_reg_reg[119]_0
    SLICE_X29Y36         LUT2 (Prop_lut2_I1_O)        0.124    16.764 r  GKEY1/Sub1/gen_sbox[14].SBOX_INST/g0_b0_i_32__11/O
                         net (fo=3, routed)           0.598    17.362    GKEY1/Sub1/gen_sbox[12].SBOX_INST/g0_b0__94_2
    SLICE_X30Y35         LUT4 (Prop_lut4_I3_O)        0.124    17.486 f  GKEY1/Sub1/gen_sbox[12].SBOX_INST/g0_b0_i_4__78/O
                         net (fo=32, routed)          2.216    19.701    GKEY1/Sub1/gen_sbox[12].SBOX_INST/Mix1/gen_cols[0].concurrency_block.y0[3]
    SLICE_X34Y41         LUT6 (Prop_lut6_I3_O)        0.124    19.825 r  GKEY1/Sub1/gen_sbox[12].SBOX_INST/g0_b1__94/O
                         net (fo=1, routed)           0.689    20.515    GKEY1/Sub2/gen_sbox[15].SBOX_INST/g0_b0_i_2__60_2
    SLICE_X34Y41         LUT6 (Prop_lut6_I5_O)        0.124    20.639 r  GKEY1/Sub2/gen_sbox[15].SBOX_INST/g0_b0_i_11/O
                         net (fo=3, routed)           0.830    21.469    GKEY1/Sub1/gen_sbox[12].SBOX_INST/s2[57]
    SLICE_X34Y39         LUT3 (Prop_lut3_I0_O)        0.124    21.593 r  GKEY1/Sub1/gen_sbox[12].SBOX_INST/g0_b0_i_2__60/O
                         net (fo=32, routed)          2.221    23.814    GKEY1/Sub1/gen_sbox[12].SBOX_INST/x1[89]
    SLICE_X25Y31         LUT6 (Prop_lut6_I1_O)        0.124    23.938 r  GKEY1/Sub1/gen_sbox[12].SBOX_INST/g1_b6__106/O
                         net (fo=1, routed)           0.000    23.938    GKEY1/Sub3/gen_sbox[11].SBOX_INST/g0_b0_i_18_1
    SLICE_X25Y31         MUXF7 (Prop_muxf7_I1_O)      0.245    24.183 r  GKEY1/Sub3/gen_sbox[11].SBOX_INST/g0_b0_i_32/O
                         net (fo=1, routed)           0.000    24.183    GKEY1/Sub3/gen_sbox[11].SBOX_INST/g0_b0_i_32_n_0
    SLICE_X25Y31         MUXF8 (Prop_muxf8_I0_O)      0.104    24.287 r  GKEY1/Sub3/gen_sbox[11].SBOX_INST/g0_b0_i_18/O
                         net (fo=7, routed)           1.288    25.575    GKEY1/Sub1/gen_sbox[12].SBOX_INST/s3[48]
    SLICE_X20Y28         LUT4 (Prop_lut4_I2_O)        0.344    25.919 r  GKEY1/Sub1/gen_sbox[12].SBOX_INST/g0_b0_i_33__13/O
                         net (fo=4, routed)           0.829    26.748    GKEY1/Sub1/gen_sbox[12].SBOX_INST/g0_b0_i_15
    SLICE_X21Y26         LUT3 (Prop_lut3_I2_O)        0.326    27.074 r  GKEY1/Sub1/gen_sbox[12].SBOX_INST/g0_b0_i_21__17/O
                         net (fo=3, routed)           0.874    27.947    GKEY1/Sub1/gen_sbox[12].SBOX_INST/g0_b0_i_33__13_0
    SLICE_X21Y27         LUT6 (Prop_lut6_I2_O)        0.124    28.071 r  GKEY1/Sub1/gen_sbox[12].SBOX_INST/g0_b0_i_3__81/O
                         net (fo=32, routed)          1.642    29.714    GKEY1/Sub1/gen_sbox[12].SBOX_INST/m2[66]
    SLICE_X17Y19         LUT6 (Prop_lut6_I2_O)        0.124    29.838 r  GKEY1/Sub1/gen_sbox[12].SBOX_INST/g0_b3__119/O
                         net (fo=1, routed)           0.670    30.508    GKEY1/Sub4/gen_sbox[8].SBOX_INST/k0_reg_reg[35]_2
    SLICE_X17Y19         LUT6 (Prop_lut6_I5_O)        0.124    30.632 r  GKEY1/Sub4/gen_sbox[8].SBOX_INST/keyk1_reg[99]_i_2/O
                         net (fo=9, routed)           2.852    33.484    GKEY1/Sub1/gen_sbox[8].SBOX_INST/s4_0[35]
    SLICE_X56Y19         LUT6 (Prop_lut6_I1_O)        0.124    33.608 r  GKEY1/Sub1/gen_sbox[8].SBOX_INST/xor_key_reg[35]_i_1/O
                         net (fo=1, routed)           0.000    33.608    xor_key_next[35]
    SLICE_X56Y19         FDCE                                         r  xor_key_reg_reg[35]/D
  -------------------------------------------------------------------    -------------------

Slack:                    inf
  Source:                 FSM_onehot_state_reg_reg[5]_rep__0/C
                            (rising edge-triggered cell FDCE)
  Destination:            k0_reg_reg[34]/D
  Path Group:             (none)
  Path Type:              Max at Slow Process Corner
  Data Path Delay:        33.602ns  (logic 3.820ns (11.368%)  route 29.782ns (88.632%))
  Logic Levels:           20  (FDCE=1 LUT2=3 LUT3=2 LUT4=2 LUT6=9 MUXF7=2 MUXF8=1)

    Location             Delay type                Incr(ns)  Path(ns)    Netlist Resource(s)
  -------------------------------------------------------------------    -------------------
    SLICE_X62Y18         FDCE                         0.000     0.000 r  FSM_onehot_state_reg_reg[5]_rep__0/C
    SLICE_X62Y18         FDCE (Prop_fdce_C_Q)         0.478     0.478 r  FSM_onehot_state_reg_reg[5]_rep__0/Q
                         net (fo=86, routed)          0.896     1.374    GKEY0/Sub4/gen_sbox[4].SBOX_INST/D[0]
    SLICE_X62Y18         LUT2 (Prop_lut2_I1_O)        0.296     1.670 r  GKEY0/Sub4/gen_sbox[4].SBOX_INST/done_reg_i_2/O
                         net (fo=372, routed)        10.586    12.256    GKEY1/Sub4/gen_sbox[4].SBOX_INST/g0_b0_i_41
    SLICE_X35Y32         LUT2 (Prop_lut2_I0_O)        0.124    12.380 r  GKEY1/Sub4/gen_sbox[4].SBOX_INST/g0_b0_i_2__105/O
                         net (fo=32, routed)          1.519    13.899    GKEY1/Sub4/gen_sbox[4].SBOX_INST/data_in[97]
    SLICE_X30Y34         LUT6 (Prop_lut6_I1_O)        0.124    14.023 r  GKEY1/Sub4/gen_sbox[4].SBOX_INST/g0_b7__75/O
                         net (fo=1, routed)           0.000    14.023    GKEY1/Sub1/gen_sbox[12].SBOX_INST/g0_b0_i_7__0
    SLICE_X30Y34         MUXF7 (Prop_muxf7_I0_O)      0.241    14.264 r  GKEY1/Sub1/gen_sbox[12].SBOX_INST/g0_b0_i_22/O
                         net (fo=2, routed)           0.804    15.067    GKEY1/Sub1/gen_sbox[14].SBOX_INST/g0_b0_i_6__78
    SLICE_X27Y34         LUT6 (Prop_lut6_I3_O)        0.298    15.365 r  GKEY1/Sub1/gen_sbox[14].SBOX_INST/g0_b0_i_7__0/O
                         net (fo=7, routed)           1.275    16.640    GKEY1/Sub1/gen_sbox[14].SBOX_INST/k1_reg_reg[119]_0
    SLICE_X29Y36         LUT2 (Prop_lut2_I1_O)        0.124    16.764 r  GKEY1/Sub1/gen_sbox[14].SBOX_INST/g0_b0_i_32__11/O
                         net (fo=3, routed)           0.598    17.362    GKEY1/Sub1/gen_sbox[12].SBOX_INST/g0_b0__94_2
    SLICE_X30Y35         LUT4 (Prop_lut4_I3_O)        0.124    17.486 f  GKEY1/Sub1/gen_sbox[12].SBOX_INST/g0_b0_i_4__78/O
                         net (fo=32, routed)          2.216    19.701    GKEY1/Sub1/gen_sbox[12].SBOX_INST/Mix1/gen_cols[0].concurrency_block.y0[3]
    SLICE_X34Y41         LUT6 (Prop_lut6_I3_O)        0.124    19.825 r  GKEY1/Sub1/gen_sbox[12].SBOX_INST/g0_b1__94/O
                         net (fo=1, routed)           0.689    20.515    GKEY1/Sub2/gen_sbox[15].SBOX_INST/g0_b0_i_2__60_2
    SLICE_X34Y41         LUT6 (Prop_lut6_I5_O)        0.124    20.639 r  GKEY1/Sub2/gen_sbox[15].SBOX_INST/g0_b0_i_11/O
                         net (fo=3, routed)           0.830    21.469    GKEY1/Sub1/gen_sbox[12].SBOX_INST/s2[57]
    SLICE_X34Y39         LUT3 (Prop_lut3_I0_O)        0.124    21.593 r  GKEY1/Sub1/gen_sbox[12].SBOX_INST/g0_b0_i_2__60/O
                         net (fo=32, routed)          2.221    23.814    GKEY1/Sub1/gen_sbox[12].SBOX_INST/x1[89]
    SLICE_X25Y31         LUT6 (Prop_lut6_I1_O)        0.124    23.938 r  GKEY1/Sub1/gen_sbox[12].SBOX_INST/g1_b6__106/O
                         net (fo=1, routed)           0.000    23.938    GKEY1/Sub3/gen_sbox[11].SBOX_INST/g0_b0_i_18_1
    SLICE_X25Y31         MUXF7 (Prop_muxf7_I1_O)      0.245    24.183 r  GKEY1/Sub3/gen_sbox[11].SBOX_INST/g0_b0_i_32/O
                         net (fo=1, routed)           0.000    24.183    GKEY1/Sub3/gen_sbox[11].SBOX_INST/g0_b0_i_32_n_0
    SLICE_X25Y31         MUXF8 (Prop_muxf8_I0_O)      0.104    24.287 r  GKEY1/Sub3/gen_sbox[11].SBOX_INST/g0_b0_i_18/O
                         net (fo=7, routed)           1.288    25.575    GKEY1/Sub1/gen_sbox[12].SBOX_INST/s3[48]
    SLICE_X20Y28         LUT4 (Prop_lut4_I2_O)        0.344    25.919 r  GKEY1/Sub1/gen_sbox[12].SBOX_INST/g0_b0_i_33__13/O
                         net (fo=4, routed)           0.829    26.748    GKEY1/Sub1/gen_sbox[12].SBOX_INST/g0_b0_i_15
    SLICE_X21Y26         LUT3 (Prop_lut3_I2_O)        0.326    27.074 r  GKEY1/Sub1/gen_sbox[12].SBOX_INST/g0_b0_i_21__17/O
                         net (fo=3, routed)           0.874    27.947    GKEY1/Sub1/gen_sbox[12].SBOX_INST/g0_b0_i_33__13_0
    SLICE_X21Y27         LUT6 (Prop_lut6_I2_O)        0.124    28.071 r  GKEY1/Sub1/gen_sbox[12].SBOX_INST/g0_b0_i_3__81/O
                         net (fo=32, routed)          1.761    29.832    GKEY1/Sub1/gen_sbox[12].SBOX_INST/m2[66]
    SLICE_X17Y21         LUT6 (Prop_lut6_I2_O)        0.124    29.956 r  GKEY1/Sub1/gen_sbox[12].SBOX_INST/g0_b2__119/O
                         net (fo=1, routed)           0.670    30.627    GKEY1/Sub4/gen_sbox[8].SBOX_INST/k0_reg_reg[34]_2
    SLICE_X17Y21         LUT6 (Prop_lut6_I5_O)        0.124    30.751 r  GKEY1/Sub4/gen_sbox[8].SBOX_INST/keyk1_reg[98]_i_2/O
                         net (fo=9, routed)           2.727    33.478    GKEY1/Sub1/gen_sbox[8].SBOX_INST/s4_0[34]
    SLICE_X57Y19         LUT6 (Prop_lut6_I1_O)        0.124    33.602 r  GKEY1/Sub1/gen_sbox[8].SBOX_INST/k0_reg[34]_i_1/O
                         net (fo=1, routed)           0.000    33.602    k0_next[34]
    SLICE_X57Y19         FDCE                                         r  k0_reg_reg[34]/D
  -------------------------------------------------------------------    -------------------

Slack:                    inf
  Source:                 FSM_onehot_state_reg_reg[5]_rep__0/C
                            (rising edge-triggered cell FDCE)
  Destination:            xor_key_reg_reg[98]/D
  Path Group:             (none)
  Path Type:              Max at Slow Process Corner
  Data Path Delay:        33.489ns  (logic 3.820ns (11.407%)  route 29.669ns (88.593%))
  Logic Levels:           20  (FDCE=1 LUT2=3 LUT3=2 LUT4=2 LUT6=9 MUXF7=2 MUXF8=1)

    Location             Delay type                Incr(ns)  Path(ns)    Netlist Resource(s)
  -------------------------------------------------------------------    -------------------
    SLICE_X62Y18         FDCE                         0.000     0.000 r  FSM_onehot_state_reg_reg[5]_rep__0/C
    SLICE_X62Y18         FDCE (Prop_fdce_C_Q)         0.478     0.478 r  FSM_onehot_state_reg_reg[5]_rep__0/Q
                         net (fo=86, routed)          0.896     1.374    GKEY0/Sub4/gen_sbox[4].SBOX_INST/D[0]
    SLICE_X62Y18         LUT2 (Prop_lut2_I1_O)        0.296     1.670 r  GKEY0/Sub4/gen_sbox[4].SBOX_INST/done_reg_i_2/O
                         net (fo=372, routed)        10.586    12.256    GKEY1/Sub4/gen_sbox[4].SBOX_INST/g0_b0_i_41
    SLICE_X35Y32         LUT2 (Prop_lut2_I0_O)        0.124    12.380 r  GKEY1/Sub4/gen_sbox[4].SBOX_INST/g0_b0_i_2__105/O
                         net (fo=32, routed)          1.519    13.899    GKEY1/Sub4/gen_sbox[4].SBOX_INST/data_in[97]
    SLICE_X30Y34         LUT6 (Prop_lut6_I1_O)        0.124    14.023 r  GKEY1/Sub4/gen_sbox[4].SBOX_INST/g0_b7__75/O
                         net (fo=1, routed)           0.000    14.023    GKEY1/Sub1/gen_sbox[12].SBOX_INST/g0_b0_i_7__0
    SLICE_X30Y34         MUXF7 (Prop_muxf7_I0_O)      0.241    14.264 r  GKEY1/Sub1/gen_sbox[12].SBOX_INST/g0_b0_i_22/O
                         net (fo=2, routed)           0.804    15.067    GKEY1/Sub1/gen_sbox[14].SBOX_INST/g0_b0_i_6__78
    SLICE_X27Y34         LUT6 (Prop_lut6_I3_O)        0.298    15.365 r  GKEY1/Sub1/gen_sbox[14].SBOX_INST/g0_b0_i_7__0/O
                         net (fo=7, routed)           1.275    16.640    GKEY1/Sub1/gen_sbox[14].SBOX_INST/k1_reg_reg[119]_0
    SLICE_X29Y36         LUT2 (Prop_lut2_I1_O)        0.124    16.764 r  GKEY1/Sub1/gen_sbox[14].SBOX_INST/g0_b0_i_32__11/O
                         net (fo=3, routed)           0.598    17.362    GKEY1/Sub1/gen_sbox[12].SBOX_INST/g0_b0__94_2
    SLICE_X30Y35         LUT4 (Prop_lut4_I3_O)        0.124    17.486 f  GKEY1/Sub1/gen_sbox[12].SBOX_INST/g0_b0_i_4__78/O
                         net (fo=32, routed)          2.216    19.701    GKEY1/Sub1/gen_sbox[12].SBOX_INST/Mix1/gen_cols[0].concurrency_block.y0[3]
    SLICE_X34Y41         LUT6 (Prop_lut6_I3_O)        0.124    19.825 r  GKEY1/Sub1/gen_sbox[12].SBOX_INST/g0_b1__94/O
                         net (fo=1, routed)           0.689    20.515    GKEY1/Sub2/gen_sbox[15].SBOX_INST/g0_b0_i_2__60_2
    SLICE_X34Y41         LUT6 (Prop_lut6_I5_O)        0.124    20.639 r  GKEY1/Sub2/gen_sbox[15].SBOX_INST/g0_b0_i_11/O
                         net (fo=3, routed)           0.830    21.469    GKEY1/Sub1/gen_sbox[12].SBOX_INST/s2[57]
    SLICE_X34Y39         LUT3 (Prop_lut3_I0_O)        0.124    21.593 r  GKEY1/Sub1/gen_sbox[12].SBOX_INST/g0_b0_i_2__60/O
                         net (fo=32, routed)          2.221    23.814    GKEY1/Sub1/gen_sbox[12].SBOX_INST/x1[89]
    SLICE_X25Y31         LUT6 (Prop_lut6_I1_O)        0.124    23.938 r  GKEY1/Sub1/gen_sbox[12].SBOX_INST/g1_b6__106/O
                         net (fo=1, routed)           0.000    23.938    GKEY1/Sub3/gen_sbox[11].SBOX_INST/g0_b0_i_18_1
    SLICE_X25Y31         MUXF7 (Prop_muxf7_I1_O)      0.245    24.183 r  GKEY1/Sub3/gen_sbox[11].SBOX_INST/g0_b0_i_32/O
                         net (fo=1, routed)           0.000    24.183    GKEY1/Sub3/gen_sbox[11].SBOX_INST/g0_b0_i_32_n_0
    SLICE_X25Y31         MUXF8 (Prop_muxf8_I0_O)      0.104    24.287 r  GKEY1/Sub3/gen_sbox[11].SBOX_INST/g0_b0_i_18/O
                         net (fo=7, routed)           1.288    25.575    GKEY1/Sub1/gen_sbox[12].SBOX_INST/s3[48]
    SLICE_X20Y28         LUT4 (Prop_lut4_I2_O)        0.344    25.919 r  GKEY1/Sub1/gen_sbox[12].SBOX_INST/g0_b0_i_33__13/O
                         net (fo=4, routed)           0.829    26.748    GKEY1/Sub1/gen_sbox[12].SBOX_INST/g0_b0_i_15
    SLICE_X21Y26         LUT3 (Prop_lut3_I2_O)        0.326    27.074 r  GKEY1/Sub1/gen_sbox[12].SBOX_INST/g0_b0_i_21__17/O
                         net (fo=3, routed)           0.874    27.947    GKEY1/Sub1/gen_sbox[12].SBOX_INST/g0_b0_i_33__13_0
    SLICE_X21Y27         LUT6 (Prop_lut6_I2_O)        0.124    28.071 r  GKEY1/Sub1/gen_sbox[12].SBOX_INST/g0_b0_i_3__81/O
                         net (fo=32, routed)          1.761    29.832    GKEY1/Sub1/gen_sbox[12].SBOX_INST/m2[66]
    SLICE_X17Y21         LUT6 (Prop_lut6_I2_O)        0.124    29.956 r  GKEY1/Sub1/gen_sbox[12].SBOX_INST/g0_b2__119/O
                         net (fo=1, routed)           0.670    30.627    GKEY1/Sub4/gen_sbox[8].SBOX_INST/k0_reg_reg[34]_2
    SLICE_X17Y21         LUT6 (Prop_lut6_I5_O)        0.124    30.751 r  GKEY1/Sub4/gen_sbox[8].SBOX_INST/keyk1_reg[98]_i_2/O
                         net (fo=9, routed)           2.614    33.365    GKEY1/Sub1/gen_sbox[12].SBOX_INST/s4_0[34]
    SLICE_X56Y18         LUT6 (Prop_lut6_I0_O)        0.124    33.489 r  GKEY1/Sub1/gen_sbox[12].SBOX_INST/xor_key_reg[98]_i_1/O
                         net (fo=1, routed)           0.000    33.489    xor_key_next[98]
    SLICE_X56Y18         FDCE                                         r  xor_key_reg_reg[98]/D
  -------------------------------------------------------------------    -------------------

Slack:                    inf
  Source:                 FSM_onehot_state_reg_reg[5]_rep__0/C
                            (rising edge-triggered cell FDCE)
  Destination:            xor_key_reg_reg[34]/D
  Path Group:             (none)
  Path Type:              Max at Slow Process Corner
  Data Path Delay:        33.487ns  (logic 3.820ns (11.407%)  route 29.667ns (88.593%))
  Logic Levels:           20  (FDCE=1 LUT2=3 LUT3=2 LUT4=2 LUT6=9 MUXF7=2 MUXF8=1)

    Location             Delay type                Incr(ns)  Path(ns)    Netlist Resource(s)
  -------------------------------------------------------------------    -------------------
    SLICE_X62Y18         FDCE                         0.000     0.000 r  FSM_onehot_state_reg_reg[5]_rep__0/C
    SLICE_X62Y18         FDCE (Prop_fdce_C_Q)         0.478     0.478 r  FSM_onehot_state_reg_reg[5]_rep__0/Q
                         net (fo=86, routed)          0.896     1.374    GKEY0/Sub4/gen_sbox[4].SBOX_INST/D[0]
    SLICE_X62Y18         LUT2 (Prop_lut2_I1_O)        0.296     1.670 r  GKEY0/Sub4/gen_sbox[4].SBOX_INST/done_reg_i_2/O
                         net (fo=372, routed)        10.586    12.256    GKEY1/Sub4/gen_sbox[4].SBOX_INST/g0_b0_i_41
    SLICE_X35Y32         LUT2 (Prop_lut2_I0_O)        0.124    12.380 r  GKEY1/Sub4/gen_sbox[4].SBOX_INST/g0_b0_i_2__105/O
                         net (fo=32, routed)          1.519    13.899    GKEY1/Sub4/gen_sbox[4].SBOX_INST/data_in[97]
    SLICE_X30Y34         LUT6 (Prop_lut6_I1_O)        0.124    14.023 r  GKEY1/Sub4/gen_sbox[4].SBOX_INST/g0_b7__75/O
                         net (fo=1, routed)           0.000    14.023    GKEY1/Sub1/gen_sbox[12].SBOX_INST/g0_b0_i_7__0
    SLICE_X30Y34         MUXF7 (Prop_muxf7_I0_O)      0.241    14.264 r  GKEY1/Sub1/gen_sbox[12].SBOX_INST/g0_b0_i_22/O
                         net (fo=2, routed)           0.804    15.067    GKEY1/Sub1/gen_sbox[14].SBOX_INST/g0_b0_i_6__78
    SLICE_X27Y34         LUT6 (Prop_lut6_I3_O)        0.298    15.365 r  GKEY1/Sub1/gen_sbox[14].SBOX_INST/g0_b0_i_7__0/O
                         net (fo=7, routed)           1.275    16.640    GKEY1/Sub1/gen_sbox[14].SBOX_INST/k1_reg_reg[119]_0
    SLICE_X29Y36         LUT2 (Prop_lut2_I1_O)        0.124    16.764 r  GKEY1/Sub1/gen_sbox[14].SBOX_INST/g0_b0_i_32__11/O
                         net (fo=3, routed)           0.598    17.362    GKEY1/Sub1/gen_sbox[12].SBOX_INST/g0_b0__94_2
    SLICE_X30Y35         LUT4 (Prop_lut4_I3_O)        0.124    17.486 f  GKEY1/Sub1/gen_sbox[12].SBOX_INST/g0_b0_i_4__78/O
                         net (fo=32, routed)          2.216    19.701    GKEY1/Sub1/gen_sbox[12].SBOX_INST/Mix1/gen_cols[0].concurrency_block.y0[3]
    SLICE_X34Y41         LUT6 (Prop_lut6_I3_O)        0.124    19.825 r  GKEY1/Sub1/gen_sbox[12].SBOX_INST/g0_b1__94/O
                         net (fo=1, routed)           0.689    20.515    GKEY1/Sub2/gen_sbox[15].SBOX_INST/g0_b0_i_2__60_2
    SLICE_X34Y41         LUT6 (Prop_lut6_I5_O)        0.124    20.639 r  GKEY1/Sub2/gen_sbox[15].SBOX_INST/g0_b0_i_11/O
                         net (fo=3, routed)           0.830    21.469    GKEY1/Sub1/gen_sbox[12].SBOX_INST/s2[57]
    SLICE_X34Y39         LUT3 (Prop_lut3_I0_O)        0.124    21.593 r  GKEY1/Sub1/gen_sbox[12].SBOX_INST/g0_b0_i_2__60/O
                         net (fo=32, routed)          2.221    23.814    GKEY1/Sub1/gen_sbox[12].SBOX_INST/x1[89]
    SLICE_X25Y31         LUT6 (Prop_lut6_I1_O)        0.124    23.938 r  GKEY1/Sub1/gen_sbox[12].SBOX_INST/g1_b6__106/O
                         net (fo=1, routed)           0.000    23.938    GKEY1/Sub3/gen_sbox[11].SBOX_INST/g0_b0_i_18_1
    SLICE_X25Y31         MUXF7 (Prop_muxf7_I1_O)      0.245    24.183 r  GKEY1/Sub3/gen_sbox[11].SBOX_INST/g0_b0_i_32/O
                         net (fo=1, routed)           0.000    24.183    GKEY1/Sub3/gen_sbox[11].SBOX_INST/g0_b0_i_32_n_0
    SLICE_X25Y31         MUXF8 (Prop_muxf8_I0_O)      0.104    24.287 r  GKEY1/Sub3/gen_sbox[11].SBOX_INST/g0_b0_i_18/O
                         net (fo=7, routed)           1.288    25.575    GKEY1/Sub1/gen_sbox[12].SBOX_INST/s3[48]
    SLICE_X20Y28         LUT4 (Prop_lut4_I2_O)        0.344    25.919 r  GKEY1/Sub1/gen_sbox[12].SBOX_INST/g0_b0_i_33__13/O
                         net (fo=4, routed)           0.829    26.748    GKEY1/Sub1/gen_sbox[12].SBOX_INST/g0_b0_i_15
    SLICE_X21Y26         LUT3 (Prop_lut3_I2_O)        0.326    27.074 r  GKEY1/Sub1/gen_sbox[12].SBOX_INST/g0_b0_i_21__17/O
                         net (fo=3, routed)           0.874    27.947    GKEY1/Sub1/gen_sbox[12].SBOX_INST/g0_b0_i_33__13_0
    SLICE_X21Y27         LUT6 (Prop_lut6_I2_O)        0.124    28.071 r  GKEY1/Sub1/gen_sbox[12].SBOX_INST/g0_b0_i_3__81/O
                         net (fo=32, routed)          1.761    29.832    GKEY1/Sub1/gen_sbox[12].SBOX_INST/m2[66]
    SLICE_X17Y21         LUT6 (Prop_lut6_I2_O)        0.124    29.956 r  GKEY1/Sub1/gen_sbox[12].SBOX_INST/g0_b2__119/O
                         net (fo=1, routed)           0.670    30.627    GKEY1/Sub4/gen_sbox[8].SBOX_INST/k0_reg_reg[34]_2
    SLICE_X17Y21         LUT6 (Prop_lut6_I5_O)        0.124    30.751 r  GKEY1/Sub4/gen_sbox[8].SBOX_INST/keyk1_reg[98]_i_2/O
                         net (fo=9, routed)           2.612    33.363    GKEY1/Sub1/gen_sbox[8].SBOX_INST/s4_0[34]
    SLICE_X56Y18         LUT6 (Prop_lut6_I1_O)        0.124    33.487 r  GKEY1/Sub1/gen_sbox[8].SBOX_INST/xor_key_reg[34]_i_1/O
                         net (fo=1, routed)           0.000    33.487    xor_key_next[34]
    SLICE_X56Y18         FDCE                                         r  xor_key_reg_reg[34]/D
  -------------------------------------------------------------------    -------------------

Slack:                    inf
  Source:                 FSM_onehot_state_reg_reg[5]_rep__0/C
                            (rising edge-triggered cell FDCE)
  Destination:            xor_key_reg_reg[100]/D
  Path Group:             (none)
  Path Type:              Max at Slow Process Corner
  Data Path Delay:        33.433ns  (logic 3.820ns (11.426%)  route 29.613ns (88.574%))
  Logic Levels:           20  (FDCE=1 LUT2=3 LUT3=2 LUT4=2 LUT6=9 MUXF7=2 MUXF8=1)

    Location             Delay type                Incr(ns)  Path(ns)    Netlist Resource(s)
  -------------------------------------------------------------------    -------------------
    SLICE_X62Y18         FDCE                         0.000     0.000 r  FSM_onehot_state_reg_reg[5]_rep__0/C
    SLICE_X62Y18         FDCE (Prop_fdce_C_Q)         0.478     0.478 r  FSM_onehot_state_reg_reg[5]_rep__0/Q
                         net (fo=86, routed)          0.896     1.374    GKEY0/Sub4/gen_sbox[4].SBOX_INST/D[0]
    SLICE_X62Y18         LUT2 (Prop_lut2_I1_O)        0.296     1.670 r  GKEY0/Sub4/gen_sbox[4].SBOX_INST/done_reg_i_2/O
                         net (fo=372, routed)        10.586    12.256    GKEY1/Sub4/gen_sbox[4].SBOX_INST/g0_b0_i_41
    SLICE_X35Y32         LUT2 (Prop_lut2_I0_O)        0.124    12.380 r  GKEY1/Sub4/gen_sbox[4].SBOX_INST/g0_b0_i_2__105/O
                         net (fo=32, routed)          1.519    13.899    GKEY1/Sub4/gen_sbox[4].SBOX_INST/data_in[97]
    SLICE_X30Y34         LUT6 (Prop_lut6_I1_O)        0.124    14.023 r  GKEY1/Sub4/gen_sbox[4].SBOX_INST/g0_b7__75/O
                         net (fo=1, routed)           0.000    14.023    GKEY1/Sub1/gen_sbox[12].SBOX_INST/g0_b0_i_7__0
    SLICE_X30Y34         MUXF7 (Prop_muxf7_I0_O)      0.241    14.264 r  GKEY1/Sub1/gen_sbox[12].SBOX_INST/g0_b0_i_22/O
                         net (fo=2, routed)           0.804    15.067    GKEY1/Sub1/gen_sbox[14].SBOX_INST/g0_b0_i_6__78
    SLICE_X27Y34         LUT6 (Prop_lut6_I3_O)        0.298    15.365 r  GKEY1/Sub1/gen_sbox[14].SBOX_INST/g0_b0_i_7__0/O
                         net (fo=7, routed)           1.275    16.640    GKEY1/Sub1/gen_sbox[14].SBOX_INST/k1_reg_reg[119]_0
    SLICE_X29Y36         LUT2 (Prop_lut2_I1_O)        0.124    16.764 r  GKEY1/Sub1/gen_sbox[14].SBOX_INST/g0_b0_i_32__11/O
                         net (fo=3, routed)           0.598    17.362    GKEY1/Sub1/gen_sbox[12].SBOX_INST/g0_b0__94_2
    SLICE_X30Y35         LUT4 (Prop_lut4_I3_O)        0.124    17.486 f  GKEY1/Sub1/gen_sbox[12].SBOX_INST/g0_b0_i_4__78/O
                         net (fo=32, routed)          2.216    19.701    GKEY1/Sub1/gen_sbox[12].SBOX_INST/Mix1/gen_cols[0].concurrency_block.y0[3]
    SLICE_X34Y41         LUT6 (Prop_lut6_I3_O)        0.124    19.825 r  GKEY1/Sub1/gen_sbox[12].SBOX_INST/g0_b1__94/O
                         net (fo=1, routed)           0.689    20.515    GKEY1/Sub2/gen_sbox[15].SBOX_INST/g0_b0_i_2__60_2
    SLICE_X34Y41         LUT6 (Prop_lut6_I5_O)        0.124    20.639 r  GKEY1/Sub2/gen_sbox[15].SBOX_INST/g0_b0_i_11/O
                         net (fo=3, routed)           0.830    21.469    GKEY1/Sub1/gen_sbox[12].SBOX_INST/s2[57]
    SLICE_X34Y39         LUT3 (Prop_lut3_I0_O)        0.124    21.593 r  GKEY1/Sub1/gen_sbox[12].SBOX_INST/g0_b0_i_2__60/O
                         net (fo=32, routed)          2.221    23.814    GKEY1/Sub1/gen_sbox[12].SBOX_INST/x1[89]
    SLICE_X25Y31         LUT6 (Prop_lut6_I1_O)        0.124    23.938 r  GKEY1/Sub1/gen_sbox[12].SBOX_INST/g1_b6__106/O
                         net (fo=1, routed)           0.000    23.938    GKEY1/Sub3/gen_sbox[11].SBOX_INST/g0_b0_i_18_1
    SLICE_X25Y31         MUXF7 (Prop_muxf7_I1_O)      0.245    24.183 r  GKEY1/Sub3/gen_sbox[11].SBOX_INST/g0_b0_i_32/O
                         net (fo=1, routed)           0.000    24.183    GKEY1/Sub3/gen_sbox[11].SBOX_INST/g0_b0_i_32_n_0
    SLICE_X25Y31         MUXF8 (Prop_muxf8_I0_O)      0.104    24.287 r  GKEY1/Sub3/gen_sbox[11].SBOX_INST/g0_b0_i_18/O
                         net (fo=7, routed)           1.288    25.575    GKEY1/Sub1/gen_sbox[12].SBOX_INST/s3[48]
    SLICE_X20Y28         LUT4 (Prop_lut4_I2_O)        0.344    25.919 r  GKEY1/Sub1/gen_sbox[12].SBOX_INST/g0_b0_i_33__13/O
                         net (fo=4, routed)           0.829    26.748    GKEY1/Sub1/gen_sbox[12].SBOX_INST/g0_b0_i_15
    SLICE_X21Y26         LUT3 (Prop_lut3_I2_O)        0.326    27.074 r  GKEY1/Sub1/gen_sbox[12].SBOX_INST/g0_b0_i_21__17/O
                         net (fo=3, routed)           0.874    27.947    GKEY1/Sub1/gen_sbox[12].SBOX_INST/g0_b0_i_33__13_0
    SLICE_X21Y27         LUT6 (Prop_lut6_I2_O)        0.124    28.071 r  GKEY1/Sub1/gen_sbox[12].SBOX_INST/g0_b0_i_3__81/O
                         net (fo=32, routed)          1.602    29.673    GKEY1/Sub1/gen_sbox[12].SBOX_INST/m2[66]
    SLICE_X17Y20         LUT6 (Prop_lut6_I2_O)        0.124    29.797 r  GKEY1/Sub1/gen_sbox[12].SBOX_INST/g0_b4__119/O
                         net (fo=1, routed)           0.670    30.468    GKEY1/Sub4/gen_sbox[8].SBOX_INST/k0_reg_reg[36]_2
    SLICE_X17Y20         LUT6 (Prop_lut6_I5_O)        0.124    30.592 r  GKEY1/Sub4/gen_sbox[8].SBOX_INST/keyk1_reg[100]_i_2/O
                         net (fo=9, routed)           2.717    33.309    GKEY1/Sub1/gen_sbox[12].SBOX_INST/s4_0[36]
    SLICE_X54Y18         LUT6 (Prop_lut6_I0_O)        0.124    33.433 r  GKEY1/Sub1/gen_sbox[12].SBOX_INST/xor_key_reg[100]_i_1/O
                         net (fo=1, routed)           0.000    33.433    xor_key_next[100]
    SLICE_X54Y18         FDCE                                         r  xor_key_reg_reg[100]/D
  -------------------------------------------------------------------    -------------------

Slack:                    inf
  Source:                 FSM_onehot_state_reg_reg[5]_rep__0/C
                            (rising edge-triggered cell FDCE)
  Destination:            xor_key_reg_reg[99]/D
  Path Group:             (none)
  Path Type:              Max at Slow Process Corner
  Data Path Delay:        33.390ns  (logic 3.820ns (11.441%)  route 29.570ns (88.559%))
  Logic Levels:           20  (FDCE=1 LUT2=3 LUT3=2 LUT4=2 LUT6=9 MUXF7=2 MUXF8=1)

    Location             Delay type                Incr(ns)  Path(ns)    Netlist Resource(s)
  -------------------------------------------------------------------    -------------------
    SLICE_X62Y18         FDCE                         0.000     0.000 r  FSM_onehot_state_reg_reg[5]_rep__0/C
    SLICE_X62Y18         FDCE (Prop_fdce_C_Q)         0.478     0.478 r  FSM_onehot_state_reg_reg[5]_rep__0/Q
                         net (fo=86, routed)          0.896     1.374    GKEY0/Sub4/gen_sbox[4].SBOX_INST/D[0]
    SLICE_X62Y18         LUT2 (Prop_lut2_I1_O)        0.296     1.670 r  GKEY0/Sub4/gen_sbox[4].SBOX_INST/done_reg_i_2/O
                         net (fo=372, routed)        10.586    12.256    GKEY1/Sub4/gen_sbox[4].SBOX_INST/g0_b0_i_41
    SLICE_X35Y32         LUT2 (Prop_lut2_I0_O)        0.124    12.380 r  GKEY1/Sub4/gen_sbox[4].SBOX_INST/g0_b0_i_2__105/O
                         net (fo=32, routed)          1.519    13.899    GKEY1/Sub4/gen_sbox[4].SBOX_INST/data_in[97]
    SLICE_X30Y34         LUT6 (Prop_lut6_I1_O)        0.124    14.023 r  GKEY1/Sub4/gen_sbox[4].SBOX_INST/g0_b7__75/O
                         net (fo=1, routed)           0.000    14.023    GKEY1/Sub1/gen_sbox[12].SBOX_INST/g0_b0_i_7__0
    SLICE_X30Y34         MUXF7 (Prop_muxf7_I0_O)      0.241    14.264 r  GKEY1/Sub1/gen_sbox[12].SBOX_INST/g0_b0_i_22/O
                         net (fo=2, routed)           0.804    15.067    GKEY1/Sub1/gen_sbox[14].SBOX_INST/g0_b0_i_6__78
    SLICE_X27Y34         LUT6 (Prop_lut6_I3_O)        0.298    15.365 r  GKEY1/Sub1/gen_sbox[14].SBOX_INST/g0_b0_i_7__0/O
                         net (fo=7, routed)           1.275    16.640    GKEY1/Sub1/gen_sbox[14].SBOX_INST/k1_reg_reg[119]_0
    SLICE_X29Y36         LUT2 (Prop_lut2_I1_O)        0.124    16.764 r  GKEY1/Sub1/gen_sbox[14].SBOX_INST/g0_b0_i_32__11/O
                         net (fo=3, routed)           0.598    17.362    GKEY1/Sub1/gen_sbox[12].SBOX_INST/g0_b0__94_2
    SLICE_X30Y35         LUT4 (Prop_lut4_I3_O)        0.124    17.486 f  GKEY1/Sub1/gen_sbox[12].SBOX_INST/g0_b0_i_4__78/O
                         net (fo=32, routed)          2.216    19.701    GKEY1/Sub1/gen_sbox[12].SBOX_INST/Mix1/gen_cols[0].concurrency_block.y0[3]
    SLICE_X34Y41         LUT6 (Prop_lut6_I3_O)        0.124    19.825 r  GKEY1/Sub1/gen_sbox[12].SBOX_INST/g0_b1__94/O
                         net (fo=1, routed)           0.689    20.515    GKEY1/Sub2/gen_sbox[15].SBOX_INST/g0_b0_i_2__60_2
    SLICE_X34Y41         LUT6 (Prop_lut6_I5_O)        0.124    20.639 r  GKEY1/Sub2/gen_sbox[15].SBOX_INST/g0_b0_i_11/O
                         net (fo=3, routed)           0.830    21.469    GKEY1/Sub1/gen_sbox[12].SBOX_INST/s2[57]
    SLICE_X34Y39         LUT3 (Prop_lut3_I0_O)        0.124    21.593 r  GKEY1/Sub1/gen_sbox[12].SBOX_INST/g0_b0_i_2__60/O
                         net (fo=32, routed)          2.221    23.814    GKEY1/Sub1/gen_sbox[12].SBOX_INST/x1[89]
    SLICE_X25Y31         LUT6 (Prop_lut6_I1_O)        0.124    23.938 r  GKEY1/Sub1/gen_sbox[12].SBOX_INST/g1_b6__106/O
                         net (fo=1, routed)           0.000    23.938    GKEY1/Sub3/gen_sbox[11].SBOX_INST/g0_b0_i_18_1
    SLICE_X25Y31         MUXF7 (Prop_muxf7_I1_O)      0.245    24.183 r  GKEY1/Sub3/gen_sbox[11].SBOX_INST/g0_b0_i_32/O
                         net (fo=1, routed)           0.000    24.183    GKEY1/Sub3/gen_sbox[11].SBOX_INST/g0_b0_i_32_n_0
    SLICE_X25Y31         MUXF8 (Prop_muxf8_I0_O)      0.104    24.287 r  GKEY1/Sub3/gen_sbox[11].SBOX_INST/g0_b0_i_18/O
                         net (fo=7, routed)           1.288    25.575    GKEY1/Sub1/gen_sbox[12].SBOX_INST/s3[48]
    SLICE_X20Y28         LUT4 (Prop_lut4_I2_O)        0.344    25.919 r  GKEY1/Sub1/gen_sbox[12].SBOX_INST/g0_b0_i_33__13/O
                         net (fo=4, routed)           0.829    26.748    GKEY1/Sub1/gen_sbox[12].SBOX_INST/g0_b0_i_15
    SLICE_X21Y26         LUT3 (Prop_lut3_I2_O)        0.326    27.074 r  GKEY1/Sub1/gen_sbox[12].SBOX_INST/g0_b0_i_21__17/O
                         net (fo=3, routed)           0.874    27.947    GKEY1/Sub1/gen_sbox[12].SBOX_INST/g0_b0_i_33__13_0
    SLICE_X21Y27         LUT6 (Prop_lut6_I2_O)        0.124    28.071 r  GKEY1/Sub1/gen_sbox[12].SBOX_INST/g0_b0_i_3__81/O
                         net (fo=32, routed)          1.642    29.714    GKEY1/Sub1/gen_sbox[12].SBOX_INST/m2[66]
    SLICE_X17Y19         LUT6 (Prop_lut6_I2_O)        0.124    29.838 r  GKEY1/Sub1/gen_sbox[12].SBOX_INST/g0_b3__119/O
                         net (fo=1, routed)           0.670    30.508    GKEY1/Sub4/gen_sbox[8].SBOX_INST/k0_reg_reg[35]_2
    SLICE_X17Y19         LUT6 (Prop_lut6_I5_O)        0.124    30.632 r  GKEY1/Sub4/gen_sbox[8].SBOX_INST/keyk1_reg[99]_i_2/O
                         net (fo=9, routed)           2.634    33.266    GKEY1/Sub1/gen_sbox[12].SBOX_INST/s4_0[35]
    SLICE_X56Y19         LUT6 (Prop_lut6_I0_O)        0.124    33.390 r  GKEY1/Sub1/gen_sbox[12].SBOX_INST/xor_key_reg[99]_i_1/O
                         net (fo=1, routed)           0.000    33.390    xor_key_next[99]
    SLICE_X56Y19         FDCE                                         r  xor_key_reg_reg[99]/D
  -------------------------------------------------------------------    -------------------

Slack:                    inf
  Source:                 FSM_onehot_state_reg_reg[5]_rep__0/C
                            (rising edge-triggered cell FDCE)
  Destination:            xor_key_reg_reg[38]/D
  Path Group:             (none)
  Path Type:              Max at Slow Process Corner
  Data Path Delay:        33.384ns  (logic 3.820ns (11.442%)  route 29.564ns (88.558%))
  Logic Levels:           20  (FDCE=1 LUT2=3 LUT3=2 LUT4=2 LUT6=9 MUXF7=2 MUXF8=1)

    Location             Delay type                Incr(ns)  Path(ns)    Netlist Resource(s)
  -------------------------------------------------------------------    -------------------
    SLICE_X62Y18         FDCE                         0.000     0.000 r  FSM_onehot_state_reg_reg[5]_rep__0/C
    SLICE_X62Y18         FDCE (Prop_fdce_C_Q)         0.478     0.478 r  FSM_onehot_state_reg_reg[5]_rep__0/Q
                         net (fo=86, routed)          0.896     1.374    GKEY0/Sub4/gen_sbox[4].SBOX_INST/D[0]
    SLICE_X62Y18         LUT2 (Prop_lut2_I1_O)        0.296     1.670 r  GKEY0/Sub4/gen_sbox[4].SBOX_INST/done_reg_i_2/O
                         net (fo=372, routed)        10.586    12.256    GKEY1/Sub4/gen_sbox[4].SBOX_INST/g0_b0_i_41
    SLICE_X35Y32         LUT2 (Prop_lut2_I0_O)        0.124    12.380 r  GKEY1/Sub4/gen_sbox[4].SBOX_INST/g0_b0_i_2__105/O
                         net (fo=32, routed)          1.519    13.899    GKEY1/Sub4/gen_sbox[4].SBOX_INST/data_in[97]
    SLICE_X30Y34         LUT6 (Prop_lut6_I1_O)        0.124    14.023 r  GKEY1/Sub4/gen_sbox[4].SBOX_INST/g0_b7__75/O
                         net (fo=1, routed)           0.000    14.023    GKEY1/Sub1/gen_sbox[12].SBOX_INST/g0_b0_i_7__0
    SLICE_X30Y34         MUXF7 (Prop_muxf7_I0_O)      0.241    14.264 r  GKEY1/Sub1/gen_sbox[12].SBOX_INST/g0_b0_i_22/O
                         net (fo=2, routed)           0.804    15.067    GKEY1/Sub1/gen_sbox[14].SBOX_INST/g0_b0_i_6__78
    SLICE_X27Y34         LUT6 (Prop_lut6_I3_O)        0.298    15.365 r  GKEY1/Sub1/gen_sbox[14].SBOX_INST/g0_b0_i_7__0/O
                         net (fo=7, routed)           1.275    16.640    GKEY1/Sub1/gen_sbox[14].SBOX_INST/k1_reg_reg[119]_0
    SLICE_X29Y36         LUT2 (Prop_lut2_I1_O)        0.124    16.764 r  GKEY1/Sub1/gen_sbox[14].SBOX_INST/g0_b0_i_32__11/O
                         net (fo=3, routed)           0.598    17.362    GKEY1/Sub1/gen_sbox[12].SBOX_INST/g0_b0__94_2
    SLICE_X30Y35         LUT4 (Prop_lut4_I3_O)        0.124    17.486 f  GKEY1/Sub1/gen_sbox[12].SBOX_INST/g0_b0_i_4__78/O
                         net (fo=32, routed)          2.216    19.701    GKEY1/Sub1/gen_sbox[12].SBOX_INST/Mix1/gen_cols[0].concurrency_block.y0[3]
    SLICE_X34Y41         LUT6 (Prop_lut6_I3_O)        0.124    19.825 r  GKEY1/Sub1/gen_sbox[12].SBOX_INST/g0_b1__94/O
                         net (fo=1, routed)           0.689    20.515    GKEY1/Sub2/gen_sbox[15].SBOX_INST/g0_b0_i_2__60_2
    SLICE_X34Y41         LUT6 (Prop_lut6_I5_O)        0.124    20.639 r  GKEY1/Sub2/gen_sbox[15].SBOX_INST/g0_b0_i_11/O
                         net (fo=3, routed)           0.830    21.469    GKEY1/Sub1/gen_sbox[12].SBOX_INST/s2[57]
    SLICE_X34Y39         LUT3 (Prop_lut3_I0_O)        0.124    21.593 r  GKEY1/Sub1/gen_sbox[12].SBOX_INST/g0_b0_i_2__60/O
                         net (fo=32, routed)          2.221    23.814    GKEY1/Sub1/gen_sbox[12].SBOX_INST/x1[89]
    SLICE_X25Y31         LUT6 (Prop_lut6_I1_O)        0.124    23.938 r  GKEY1/Sub1/gen_sbox[12].SBOX_INST/g1_b6__106/O
                         net (fo=1, routed)           0.000    23.938    GKEY1/Sub3/gen_sbox[11].SBOX_INST/g0_b0_i_18_1
    SLICE_X25Y31         MUXF7 (Prop_muxf7_I1_O)      0.245    24.183 r  GKEY1/Sub3/gen_sbox[11].SBOX_INST/g0_b0_i_32/O
                         net (fo=1, routed)           0.000    24.183    GKEY1/Sub3/gen_sbox[11].SBOX_INST/g0_b0_i_32_n_0
    SLICE_X25Y31         MUXF8 (Prop_muxf8_I0_O)      0.104    24.287 r  GKEY1/Sub3/gen_sbox[11].SBOX_INST/g0_b0_i_18/O
                         net (fo=7, routed)           1.288    25.575    GKEY1/Sub1/gen_sbox[12].SBOX_INST/s3[48]
    SLICE_X20Y28         LUT4 (Prop_lut4_I2_O)        0.344    25.919 r  GKEY1/Sub1/gen_sbox[12].SBOX_INST/g0_b0_i_33__13/O
                         net (fo=4, routed)           0.829    26.748    GKEY1/Sub1/gen_sbox[12].SBOX_INST/g0_b0_i_15
    SLICE_X21Y26         LUT3 (Prop_lut3_I2_O)        0.326    27.074 r  GKEY1/Sub1/gen_sbox[12].SBOX_INST/g0_b0_i_21__17/O
                         net (fo=3, routed)           0.874    27.947    GKEY1/Sub1/gen_sbox[12].SBOX_INST/g0_b0_i_33__13_0
    SLICE_X21Y27         LUT6 (Prop_lut6_I2_O)        0.124    28.071 r  GKEY1/Sub1/gen_sbox[12].SBOX_INST/g0_b0_i_3__81/O
                         net (fo=32, routed)          1.600    29.672    GKEY1/Sub1/gen_sbox[12].SBOX_INST/m2[66]
    SLICE_X16Y20         LUT6 (Prop_lut6_I2_O)        0.124    29.796 r  GKEY1/Sub1/gen_sbox[12].SBOX_INST/g3_b6__119/O
                         net (fo=1, routed)           0.799    30.595    GKEY1/Sub4/gen_sbox[8].SBOX_INST/k0_reg_reg[38]
    SLICE_X16Y21         LUT6 (Prop_lut6_I0_O)        0.124    30.719 r  GKEY1/Sub4/gen_sbox[8].SBOX_INST/keyk1_reg[102]_i_2/O
                         net (fo=9, routed)           2.541    33.260    GKEY1/Sub1/gen_sbox[8].SBOX_INST/s4_0[38]
    SLICE_X54Y21         LUT6 (Prop_lut6_I1_O)        0.124    33.384 r  GKEY1/Sub1/gen_sbox[8].SBOX_INST/xor_key_reg[38]_i_1/O
                         net (fo=1, routed)           0.000    33.384    xor_key_next[38]
    SLICE_X54Y21         FDCE                                         r  xor_key_reg_reg[38]/D
  -------------------------------------------------------------------    -------------------

Slack:                    inf
  Source:                 FSM_onehot_state_reg_reg[5]_rep__0/C
                            (rising edge-triggered cell FDCE)
  Destination:            xor_key_reg_reg[2]/D
  Path Group:             (none)
  Path Type:              Max at Slow Process Corner
  Data Path Delay:        33.294ns  (logic 3.820ns (11.474%)  route 29.474ns (88.526%))
  Logic Levels:           20  (FDCE=1 LUT2=3 LUT3=2 LUT4=2 LUT6=9 MUXF7=2 MUXF8=1)

    Location             Delay type                Incr(ns)  Path(ns)    Netlist Resource(s)
  -------------------------------------------------------------------    -------------------
    SLICE_X62Y18         FDCE                         0.000     0.000 r  FSM_onehot_state_reg_reg[5]_rep__0/C
    SLICE_X62Y18         FDCE (Prop_fdce_C_Q)         0.478     0.478 r  FSM_onehot_state_reg_reg[5]_rep__0/Q
                         net (fo=86, routed)          0.896     1.374    GKEY0/Sub4/gen_sbox[4].SBOX_INST/D[0]
    SLICE_X62Y18         LUT2 (Prop_lut2_I1_O)        0.296     1.670 r  GKEY0/Sub4/gen_sbox[4].SBOX_INST/done_reg_i_2/O
                         net (fo=372, routed)        10.586    12.256    GKEY1/Sub4/gen_sbox[4].SBOX_INST/g0_b0_i_41
    SLICE_X35Y32         LUT2 (Prop_lut2_I0_O)        0.124    12.380 r  GKEY1/Sub4/gen_sbox[4].SBOX_INST/g0_b0_i_2__105/O
                         net (fo=32, routed)          1.519    13.899    GKEY1/Sub4/gen_sbox[4].SBOX_INST/data_in[97]
    SLICE_X30Y34         LUT6 (Prop_lut6_I1_O)        0.124    14.023 r  GKEY1/Sub4/gen_sbox[4].SBOX_INST/g0_b7__75/O
                         net (fo=1, routed)           0.000    14.023    GKEY1/Sub1/gen_sbox[12].SBOX_INST/g0_b0_i_7__0
    SLICE_X30Y34         MUXF7 (Prop_muxf7_I0_O)      0.241    14.264 r  GKEY1/Sub1/gen_sbox[12].SBOX_INST/g0_b0_i_22/O
                         net (fo=2, routed)           0.804    15.067    GKEY1/Sub1/gen_sbox[14].SBOX_INST/g0_b0_i_6__78
    SLICE_X27Y34         LUT6 (Prop_lut6_I3_O)        0.298    15.365 r  GKEY1/Sub1/gen_sbox[14].SBOX_INST/g0_b0_i_7__0/O
                         net (fo=7, routed)           1.275    16.640    GKEY1/Sub1/gen_sbox[14].SBOX_INST/k1_reg_reg[119]_0
    SLICE_X29Y36         LUT2 (Prop_lut2_I1_O)        0.124    16.764 r  GKEY1/Sub1/gen_sbox[14].SBOX_INST/g0_b0_i_32__11/O
                         net (fo=3, routed)           0.598    17.362    GKEY1/Sub1/gen_sbox[12].SBOX_INST/g0_b0__94_2
    SLICE_X30Y35         LUT4 (Prop_lut4_I3_O)        0.124    17.486 f  GKEY1/Sub1/gen_sbox[12].SBOX_INST/g0_b0_i_4__78/O
                         net (fo=32, routed)          2.216    19.701    GKEY1/Sub1/gen_sbox[12].SBOX_INST/Mix1/gen_cols[0].concurrency_block.y0[3]
    SLICE_X34Y41         LUT6 (Prop_lut6_I3_O)        0.124    19.825 r  GKEY1/Sub1/gen_sbox[12].SBOX_INST/g0_b1__94/O
                         net (fo=1, routed)           0.689    20.515    GKEY1/Sub2/gen_sbox[15].SBOX_INST/g0_b0_i_2__60_2
    SLICE_X34Y41         LUT6 (Prop_lut6_I5_O)        0.124    20.639 r  GKEY1/Sub2/gen_sbox[15].SBOX_INST/g0_b0_i_11/O
                         net (fo=3, routed)           0.830    21.469    GKEY1/Sub1/gen_sbox[12].SBOX_INST/s2[57]
    SLICE_X34Y39         LUT3 (Prop_lut3_I0_O)        0.124    21.593 r  GKEY1/Sub1/gen_sbox[12].SBOX_INST/g0_b0_i_2__60/O
                         net (fo=32, routed)          2.221    23.814    GKEY1/Sub1/gen_sbox[12].SBOX_INST/x1[89]
    SLICE_X25Y31         LUT6 (Prop_lut6_I1_O)        0.124    23.938 r  GKEY1/Sub1/gen_sbox[12].SBOX_INST/g1_b6__106/O
                         net (fo=1, routed)           0.000    23.938    GKEY1/Sub3/gen_sbox[11].SBOX_INST/g0_b0_i_18_1
    SLICE_X25Y31         MUXF7 (Prop_muxf7_I1_O)      0.245    24.183 r  GKEY1/Sub3/gen_sbox[11].SBOX_INST/g0_b0_i_32/O
                         net (fo=1, routed)           0.000    24.183    GKEY1/Sub3/gen_sbox[11].SBOX_INST/g0_b0_i_32_n_0
    SLICE_X25Y31         MUXF8 (Prop_muxf8_I0_O)      0.104    24.287 r  GKEY1/Sub3/gen_sbox[11].SBOX_INST/g0_b0_i_18/O
                         net (fo=7, routed)           1.288    25.575    GKEY1/Sub1/gen_sbox[12].SBOX_INST/s3[48]
    SLICE_X20Y28         LUT4 (Prop_lut4_I2_O)        0.344    25.919 r  GKEY1/Sub1/gen_sbox[12].SBOX_INST/g0_b0_i_33__13/O
                         net (fo=4, routed)           0.829    26.748    GKEY1/Sub1/gen_sbox[12].SBOX_INST/g0_b0_i_15
    SLICE_X21Y26         LUT3 (Prop_lut3_I2_O)        0.326    27.074 r  GKEY1/Sub1/gen_sbox[12].SBOX_INST/g0_b0_i_21__17/O
                         net (fo=3, routed)           0.874    27.947    GKEY1/Sub1/gen_sbox[12].SBOX_INST/g0_b0_i_33__13_0
    SLICE_X21Y27         LUT6 (Prop_lut6_I2_O)        0.124    28.071 r  GKEY1/Sub1/gen_sbox[12].SBOX_INST/g0_b0_i_3__81/O
                         net (fo=32, routed)          1.761    29.832    GKEY1/Sub1/gen_sbox[12].SBOX_INST/m2[66]
    SLICE_X17Y21         LUT6 (Prop_lut6_I2_O)        0.124    29.956 r  GKEY1/Sub1/gen_sbox[12].SBOX_INST/g0_b2__119/O
                         net (fo=1, routed)           0.670    30.627    GKEY1/Sub4/gen_sbox[8].SBOX_INST/k0_reg_reg[34]_2
    SLICE_X17Y21         LUT6 (Prop_lut6_I5_O)        0.124    30.751 r  GKEY1/Sub4/gen_sbox[8].SBOX_INST/keyk1_reg[98]_i_2/O
                         net (fo=9, routed)           2.419    33.170    GKEY1/Sub1/gen_sbox[12].SBOX_INST/s4_0[34]
    SLICE_X53Y18         LUT6 (Prop_lut6_I2_O)        0.124    33.294 r  GKEY1/Sub1/gen_sbox[12].SBOX_INST/xor_key_reg[2]_i_1/O
                         net (fo=1, routed)           0.000    33.294    xor_key_next[2]
    SLICE_X53Y18         FDCE                                         r  xor_key_reg_reg[2]/D
  -------------------------------------------------------------------    -------------------





Min Delay Paths
--------------------------------------------------------------------------------------
Slack:                    inf
  Source:                 xor_key_reg_reg[69]/C
                            (rising edge-triggered cell FDCE)
  Destination:            key_post_reg[69]/D
  Path Group:             (none)
  Path Type:              Min at Fast Process Corner
  Data Path Delay:        0.266ns  (logic 0.141ns (52.958%)  route 0.125ns (47.042%))
  Logic Levels:           1  (FDCE=1)

    Location             Delay type                Incr(ns)  Path(ns)    Netlist Resource(s)
  -------------------------------------------------------------------    -------------------
    SLICE_X55Y19         FDCE                         0.000     0.000 r  xor_key_reg_reg[69]/C
    SLICE_X55Y19         FDCE (Prop_fdce_C_Q)         0.141     0.141 r  xor_key_reg_reg[69]/Q
                         net (fo=3, routed)           0.125     0.266    xor_key_reg[69]
    SLICE_X53Y20         LDCE                                         r  key_post_reg[69]/D
  -------------------------------------------------------------------    -------------------

Slack:                    inf
  Source:                 xor_key_reg_reg[68]/C
                            (rising edge-triggered cell FDCE)
  Destination:            key_post_reg[68]/D
  Path Group:             (none)
  Path Type:              Min at Fast Process Corner
  Data Path Delay:        0.293ns  (logic 0.164ns (55.978%)  route 0.129ns (44.022%))
  Logic Levels:           1  (FDCE=1)

    Location             Delay type                Incr(ns)  Path(ns)    Netlist Resource(s)
  -------------------------------------------------------------------    -------------------
    SLICE_X54Y18         FDCE                         0.000     0.000 r  xor_key_reg_reg[68]/C
    SLICE_X54Y18         FDCE (Prop_fdce_C_Q)         0.164     0.164 r  xor_key_reg_reg[68]/Q
                         net (fo=3, routed)           0.129     0.293    xor_key_reg[68]
    SLICE_X57Y18         LDCE                                         r  key_post_reg[68]/D
  -------------------------------------------------------------------    -------------------

Slack:                    inf
  Source:                 FSM_onehot_state_reg_reg[4]/C
                            (rising edge-triggered cell FDCE)
  Destination:            FSM_onehot_state_reg_reg[5]/D
  Path Group:             (none)
  Path Type:              Min at Fast Process Corner
  Data Path Delay:        0.306ns  (logic 0.164ns (53.575%)  route 0.142ns (46.425%))
  Logic Levels:           1  (FDCE=1)

    Location             Delay type                Incr(ns)  Path(ns)    Netlist Resource(s)
  -------------------------------------------------------------------    -------------------
    SLICE_X62Y18         FDCE                         0.000     0.000 r  FSM_onehot_state_reg_reg[4]/C
    SLICE_X62Y18         FDCE (Prop_fdce_C_Q)         0.164     0.164 r  FSM_onehot_state_reg_reg[4]/Q
                         net (fo=388, routed)         0.142     0.306    FSM_onehot_state_reg_reg_n_0_[4]
    SLICE_X62Y18         FDCE                                         r  FSM_onehot_state_reg_reg[5]/D
  -------------------------------------------------------------------    -------------------

Slack:                    inf
  Source:                 FSM_onehot_state_reg_reg[4]/C
                            (rising edge-triggered cell FDCE)
  Destination:            FSM_onehot_state_reg_reg[5]_rep/D
  Path Group:             (none)
  Path Type:              Min at Fast Process Corner
  Data Path Delay:        0.306ns  (logic 0.164ns (53.575%)  route 0.142ns (46.425%))
  Logic Levels:           1  (FDCE=1)

    Location             Delay type                Incr(ns)  Path(ns)    Netlist Resource(s)
  -------------------------------------------------------------------    -------------------
    SLICE_X62Y18         FDCE                         0.000     0.000 r  FSM_onehot_state_reg_reg[4]/C
    SLICE_X62Y18         FDCE (Prop_fdce_C_Q)         0.164     0.164 r  FSM_onehot_state_reg_reg[4]/Q
                         net (fo=388, routed)         0.142     0.306    FSM_onehot_state_reg_reg_n_0_[4]
    SLICE_X62Y18         FDCE                                         r  FSM_onehot_state_reg_reg[5]_rep/D
  -------------------------------------------------------------------    -------------------

Slack:                    inf
  Source:                 xor_key_reg_reg[67]/C
                            (rising edge-triggered cell FDCE)
  Destination:            key_post_reg[67]/D
  Path Group:             (none)
  Path Type:              Min at Fast Process Corner
  Data Path Delay:        0.320ns  (logic 0.164ns (51.206%)  route 0.156ns (48.794%))
  Logic Levels:           1  (FDCE=1)

    Location             Delay type                Incr(ns)  Path(ns)    Netlist Resource(s)
  -------------------------------------------------------------------    -------------------
    SLICE_X56Y19         FDCE                         0.000     0.000 r  xor_key_reg_reg[67]/C
    SLICE_X56Y19         FDCE (Prop_fdce_C_Q)         0.164     0.164 r  xor_key_reg_reg[67]/Q
                         net (fo=3, routed)           0.156     0.320    xor_key_reg[67]
    SLICE_X57Y18         LDCE                                         r  key_post_reg[67]/D
  -------------------------------------------------------------------    -------------------

Slack:                    inf
  Source:                 done_reg_reg/C
                            (rising edge-triggered cell FDCE)
  Destination:            done_reg_reg/D
  Path Group:             (none)
  Path Type:              Min at Fast Process Corner
  Data Path Delay:        0.342ns  (logic 0.186ns (54.369%)  route 0.156ns (45.631%))
  Logic Levels:           2  (FDCE=1 LUT5=1)

    Location             Delay type                Incr(ns)  Path(ns)    Netlist Resource(s)
  -------------------------------------------------------------------    -------------------
    SLICE_X61Y19         FDCE                         0.000     0.000 r  done_reg_reg/C
    SLICE_X61Y19         FDCE (Prop_fdce_C_Q)         0.141     0.141 r  done_reg_reg/Q
                         net (fo=1, routed)           0.156     0.297    done
    SLICE_X61Y19         LUT5 (Prop_lut5_I4_O)        0.045     0.342 r  done_reg_i_1/O
                         net (fo=1, routed)           0.000     0.342    done_reg_i_1_n_0
    SLICE_X61Y19         FDCE                                         r  done_reg_reg/D
  -------------------------------------------------------------------    -------------------

Slack:                    inf
  Source:                 xor_key_reg_reg[110]/C
                            (rising edge-triggered cell FDCE)
  Destination:            key_post_reg[110]/D
  Path Group:             (none)
  Path Type:              Min at Fast Process Corner
  Data Path Delay:        0.348ns  (logic 0.141ns (40.506%)  route 0.207ns (59.494%))
  Logic Levels:           1  (FDCE=1)

    Location             Delay type                Incr(ns)  Path(ns)    Netlist Resource(s)
  -------------------------------------------------------------------    -------------------
    SLICE_X40Y21         FDCE                         0.000     0.000 r  xor_key_reg_reg[110]/C
    SLICE_X40Y21         FDCE (Prop_fdce_C_Q)         0.141     0.141 r  xor_key_reg_reg[110]/Q
                         net (fo=3, routed)           0.207     0.348    xor_key_reg[110]
    SLICE_X28Y21         LDCE                                         r  key_post_reg[110]/D
  -------------------------------------------------------------------    -------------------

Slack:                    inf
  Source:                 xor_key_reg_reg[34]/C
                            (rising edge-triggered cell FDCE)
  Destination:            key_post_reg[34]/D
  Path Group:             (none)
  Path Type:              Min at Fast Process Corner
  Data Path Delay:        0.350ns  (logic 0.164ns (46.792%)  route 0.186ns (53.208%))
  Logic Levels:           1  (FDCE=1)

    Location             Delay type                Incr(ns)  Path(ns)    Netlist Resource(s)
  -------------------------------------------------------------------    -------------------
    SLICE_X56Y18         FDCE                         0.000     0.000 r  xor_key_reg_reg[34]/C
    SLICE_X56Y18         FDCE (Prop_fdce_C_Q)         0.164     0.164 r  xor_key_reg_reg[34]/Q
                         net (fo=3, routed)           0.186     0.350    xor_key_reg[34]
    SLICE_X56Y22         LDCE                                         r  key_post_reg[34]/D
  -------------------------------------------------------------------    -------------------

Slack:                    inf
  Source:                 xor_key_reg_reg[109]/C
                            (rising edge-triggered cell FDCE)
  Destination:            key_post_reg[109]/D
  Path Group:             (none)
  Path Type:              Min at Fast Process Corner
  Data Path Delay:        0.363ns  (logic 0.164ns (45.172%)  route 0.199ns (54.828%))
  Logic Levels:           1  (FDCE=1)

    Location             Delay type                Incr(ns)  Path(ns)    Netlist Resource(s)
  -------------------------------------------------------------------    -------------------
    SLICE_X38Y21         FDCE                         0.000     0.000 r  xor_key_reg_reg[109]/C
    SLICE_X38Y21         FDCE (Prop_fdce_C_Q)         0.164     0.164 r  xor_key_reg_reg[109]/Q
                         net (fo=3, routed)           0.199     0.363    xor_key_reg[109]
    SLICE_X29Y21         LDCE                                         r  key_post_reg[109]/D
  -------------------------------------------------------------------    -------------------

Slack:                    inf
  Source:                 FSM_onehot_state_reg_reg[4]/C
                            (rising edge-triggered cell FDCE)
  Destination:            FSM_onehot_state_reg_reg[5]_rep__0/D
  Path Group:             (none)
  Path Type:              Min at Fast Process Corner
  Data Path Delay:        0.366ns  (logic 0.164ns (44.762%)  route 0.202ns (55.238%))
  Logic Levels:           1  (FDCE=1)

    Location             Delay type                Incr(ns)  Path(ns)    Netlist Resource(s)
  -------------------------------------------------------------------    -------------------
    SLICE_X62Y18         FDCE                         0.000     0.000 r  FSM_onehot_state_reg_reg[4]/C
    SLICE_X62Y18         FDCE (Prop_fdce_C_Q)         0.164     0.164 r  FSM_onehot_state_reg_reg[4]/Q
                         net (fo=388, routed)         0.202     0.366    FSM_onehot_state_reg_reg_n_0_[4]
    SLICE_X62Y18         FDCE                                         r  FSM_onehot_state_reg_reg[5]_rep__0/D
  -------------------------------------------------------------------    -------------------





