Copyright 1986-2022 Xilinx, Inc. All Rights Reserved.
-------------------------------------------------------------------------------------------------------------------------------------------------------------
| Tool Version     : Vivado v.2022.2 (lin64) Build 3671981 Fri Oct 14 04:59:54 MDT 2022
| Date             : Tue May 19 17:17:31 2026
| Host             : tronghieu-LOQ-15IAX9 running 64-bit Ubuntu 24.04.4 LTS
| Command          : report_power -file Key_Expansion_power_routed.rpt -pb Key_Expansion_power_summary_routed.pb -rpx Key_Expansion_power_routed.rpx
| Design           : Key_Expansion
| Device           : xc7a100tcsg324-1
| Design State     : routed
| Grade            : commercial
| Process          : typical
| Characterization : Production
-------------------------------------------------------------------------------------------------------------------------------------------------------------

Power Report

Table of Contents
-----------------
1. Summary
1.1 On-Chip Components
1.2 Power Supply Summary
1.3 Confidence Level
2. Settings
2.1 Environment
2.2 Clock Constraints
3. Detailed Reports
3.1 By Hierarchy

1. Summary
----------

+--------------------------+-----------------------------------+
| Total On-Chip Power (W)  | 619.224 (Junction temp exceeded!) |
| Design Power Budget (W)  | Unspecified*                      |
| Power Budget Margin (W)  | NA                                |
| Dynamic (W)              | 618.441                           |
| Device Static (W)        | 0.784                             |
| Effective TJA (C/W)      | 4.6                               |
| Max Ambient (C)          | 0.0                               |
| Junction Temperature (C) | 125.0                             |
| Confidence Level         | Low                               |
| Setting File             | ---                               |
| Simulation Activity File | ---                               |
| Design Nets Matched      | NA                                |
+--------------------------+-----------------------------------+
* Specify Design Power Budget using, set_operating_conditions -design_power_budget <value in Watts>


1.1 On-Chip Components
----------------------

+----------------+-----------+----------+-----------+-----------------+
| On-Chip        | Power (W) | Used     | Available | Utilization (%) |
+----------------+-----------+----------+-----------+-----------------+
| Slice Logic    |   346.200 |     9297 |       --- |             --- |
|   LUT as Logic |   339.717 |     6649 |     63400 |           10.49 |
|   F7/F8 Muxes  |     6.208 |     1648 |     63400 |            2.60 |
|   Register     |     0.275 |      781 |    126800 |            0.62 |
|   Others       |     0.000 |        3 |       --- |             --- |
| Signals        |   272.241 |     5290 |       --- |             --- |
| Static Power   |     0.784 |          |           |                 |
| Total          |   619.224 |          |           |                 |
+----------------+-----------+----------+-----------+-----------------+


1.2 Power Supply Summary
------------------------

+-----------+-------------+-----------+-------------+------------+-------------+-------------+------------+
| Source    | Voltage (V) | Total (A) | Dynamic (A) | Static (A) | Powerup (A) | Budget (A)  | Margin (A) |
+-----------+-------------+-----------+-------------+------------+-------------+-------------+------------+
| Vccint    |       1.000 |   619.004 |     618.441 |      0.563 |       NA    | Unspecified | NA         |
| Vccaux    |       1.800 |     0.093 |       0.000 |      0.093 |       NA    | Unspecified | NA         |
| Vcco33    |       3.300 |     0.000 |       0.000 |      0.000 |       NA    | Unspecified | NA         |
| Vcco25    |       2.500 |     0.000 |       0.000 |      0.000 |       NA    | Unspecified | NA         |
| Vcco18    |       1.800 |     0.000 |       0.000 |      0.000 |       NA    | Unspecified | NA         |
| Vcco15    |       1.500 |     0.000 |       0.000 |      0.000 |       NA    | Unspecified | NA         |
| Vcco135   |       1.350 |     0.000 |       0.000 |      0.000 |       NA    | Unspecified | NA         |
| Vcco12    |       1.200 |     0.000 |       0.000 |      0.000 |       NA    | Unspecified | NA         |
| Vccaux_io |       1.800 |     0.000 |       0.000 |      0.000 |       NA    | Unspecified | NA         |
| Vccbram   |       1.000 |     0.018 |       0.000 |      0.018 |       NA    | Unspecified | NA         |
| MGTAVcc   |       1.000 |     0.000 |       0.000 |      0.000 |       NA    | Unspecified | NA         |
| MGTAVtt   |       1.200 |     0.000 |       0.000 |      0.000 |       NA    | Unspecified | NA         |
| Vccadc    |       1.800 |     0.020 |       0.000 |      0.020 |       NA    | Unspecified | NA         |
+-----------+-------------+-----------+-------------+------------+-------------+-------------+------------+


1.3 Confidence Level
--------------------

+-----------------------------+------------+------------------------------------------------+--------------------------------------------------------------------------------------------------------------------+
| User Input Data             | Confidence | Details                                        | Action                                                                                                             |
+-----------------------------+------------+------------------------------------------------+--------------------------------------------------------------------------------------------------------------------+
| Design implementation state | High       | Design is routed                               |                                                                                                                    |
| Clock nodes activity        | Low        | User specified less than 75% of clocks         | Provide missing clock activity with a constraint file, simulation results or by editing the "By Clock Domain" view |
| I/O nodes activity          | High       | User specified more than 95% of inputs         |                                                                                                                    |
| Internal nodes activity     | Medium     | User specified less than 25% of internal nodes | Provide missing internal nodes activity with simulation results or by editing the "By Resource Type" views         |
| Device models               | High       | Device models are Production                   |                                                                                                                    |
|                             |            |                                                |                                                                                                                    |
| Overall confidence level    | Low        |                                                |                                                                                                                    |
+-----------------------------+------------+------------------------------------------------+--------------------------------------------------------------------------------------------------------------------+


2. Settings
-----------

2.1 Environment
---------------

+-----------------------+--------------------------+
| Ambient Temp (C)      | 25.0                     |
| ThetaJA (C/W)         | 4.6                      |
| Airflow (LFM)         | 250                      |
| Heat Sink             | medium (Medium Profile)  |
| ThetaSA (C/W)         | 4.6                      |
| Board Selection       | medium (10"x10")         |
| # of Board Layers     | 12to15 (12 to 15 Layers) |
| Board Temperature (C) | 25.0                     |
+-----------------------+--------------------------+


2.2 Clock Constraints
---------------------

+-------+--------+-----------------+
| Clock | Domain | Constraint (ns) |
+-------+--------+-----------------+


3. Detailed Reports
-------------------

3.1 By Hierarchy
----------------

+------------------------------+-----------+
| Name                         | Power (W) |
+------------------------------+-----------+
| Key_Expansion                |   618.441 |
|   GKEY0                      |   304.845 |
|     Sub1                     |   260.772 |
|       gen_sbox[0].SBOX_INST  |     8.674 |
|       gen_sbox[10].SBOX_INST |    25.731 |
|       gen_sbox[11].SBOX_INST |     0.161 |
|       gen_sbox[12].SBOX_INST |    58.773 |
|       gen_sbox[13].SBOX_INST |     1.375 |
|       gen_sbox[14].SBOX_INST |    52.045 |
|       gen_sbox[15].SBOX_INST |     0.983 |
|       gen_sbox[1].SBOX_INST  |     2.112 |
|       gen_sbox[2].SBOX_INST  |     8.912 |
|       gen_sbox[3].SBOX_INST  |     0.914 |
|       gen_sbox[4].SBOX_INST  |    30.652 |
|       gen_sbox[5].SBOX_INST  |     1.851 |
|       gen_sbox[6].SBOX_INST  |    29.143 |
|       gen_sbox[7].SBOX_INST  |     0.834 |
|       gen_sbox[8].SBOX_INST  |    37.512 |
|       gen_sbox[9].SBOX_INST  |     1.099 |
|     Sub2                     |    17.776 |
|       gen_sbox[0].SBOX_INST  |     1.834 |
|       gen_sbox[10].SBOX_INST |     0.906 |
|       gen_sbox[11].SBOX_INST |     0.781 |
|       gen_sbox[12].SBOX_INST |     1.446 |
|       gen_sbox[13].SBOX_INST |     1.020 |
|       gen_sbox[14].SBOX_INST |     0.897 |
|       gen_sbox[15].SBOX_INST |     0.822 |
|       gen_sbox[1].SBOX_INST  |     1.354 |
|       gen_sbox[2].SBOX_INST  |     1.059 |
|       gen_sbox[3].SBOX_INST  |     0.838 |
|       gen_sbox[4].SBOX_INST  |     1.621 |
|       gen_sbox[5].SBOX_INST  |     0.950 |
|       gen_sbox[6].SBOX_INST  |     0.928 |
|       gen_sbox[7].SBOX_INST  |     1.023 |
|       gen_sbox[8].SBOX_INST  |     1.311 |
|       gen_sbox[9].SBOX_INST  |     0.984 |
|     Sub3                     |     7.692 |
|       gen_sbox[0].SBOX_INST  |     0.457 |
|       gen_sbox[10].SBOX_INST |     0.545 |
|       gen_sbox[11].SBOX_INST |     0.280 |
|       gen_sbox[12].SBOX_INST |     0.506 |
|       gen_sbox[13].SBOX_INST |     0.597 |
|       gen_sbox[14].SBOX_INST |     0.587 |
|       gen_sbox[15].SBOX_INST |     0.372 |
|       gen_sbox[1].SBOX_INST  |     0.609 |
|       gen_sbox[2].SBOX_INST  |     0.553 |
|       gen_sbox[3].SBOX_INST  |     0.388 |
|       gen_sbox[4].SBOX_INST  |     0.496 |
|       gen_sbox[5].SBOX_INST  |     0.533 |
|       gen_sbox[6].SBOX_INST  |     0.476 |
|       gen_sbox[7].SBOX_INST  |     0.348 |
|       gen_sbox[8].SBOX_INST  |     0.452 |
|       gen_sbox[9].SBOX_INST  |     0.495 |
|     Sub4                     |    18.605 |
|       gen_sbox[0].SBOX_INST  |     1.862 |
|       gen_sbox[10].SBOX_INST |     0.328 |
|       gen_sbox[11].SBOX_INST |     0.348 |
|       gen_sbox[12].SBOX_INST |     1.264 |
|       gen_sbox[13].SBOX_INST |     1.355 |
|       gen_sbox[14].SBOX_INST |     0.538 |
|       gen_sbox[15].SBOX_INST |     0.369 |
|       gen_sbox[1].SBOX_INST  |     0.655 |
|       gen_sbox[2].SBOX_INST  |     0.817 |
|       gen_sbox[3].SBOX_INST  |     1.255 |
|       gen_sbox[4].SBOX_INST  |     4.110 |
|       gen_sbox[5].SBOX_INST  |     1.023 |
|       gen_sbox[6].SBOX_INST  |     1.088 |
|       gen_sbox[7].SBOX_INST  |     1.111 |
|       gen_sbox[8].SBOX_INST  |     1.346 |
|       gen_sbox[9].SBOX_INST  |     1.136 |
|   GKEY1                      |   310.046 |
|     Sub1                     |   261.540 |
|       gen_sbox[0].SBOX_INST  |     7.420 |
|       gen_sbox[10].SBOX_INST |    28.364 |
|       gen_sbox[11].SBOX_INST |     0.160 |
|       gen_sbox[12].SBOX_INST |    59.910 |
|       gen_sbox[13].SBOX_INST |     1.268 |
|       gen_sbox[14].SBOX_INST |    54.483 |
|       gen_sbox[15].SBOX_INST |     0.922 |
|       gen_sbox[1].SBOX_INST  |     1.744 |
|       gen_sbox[2].SBOX_INST  |     7.903 |
|       gen_sbox[3].SBOX_INST  |     0.806 |
|       gen_sbox[4].SBOX_INST  |    27.595 |
|       gen_sbox[5].SBOX_INST  |     1.425 |
|       gen_sbox[6].SBOX_INST  |    28.163 |
|       gen_sbox[7].SBOX_INST  |     0.861 |
|       gen_sbox[8].SBOX_INST  |    39.434 |
|       gen_sbox[9].SBOX_INST  |     1.082 |
|     Sub2                     |    15.486 |
|       gen_sbox[0].SBOX_INST  |     1.503 |
|       gen_sbox[10].SBOX_INST |     0.860 |
|       gen_sbox[11].SBOX_INST |     0.609 |
|       gen_sbox[12].SBOX_INST |     1.363 |
|       gen_sbox[13].SBOX_INST |     0.944 |
|       gen_sbox[14].SBOX_INST |     0.735 |
|       gen_sbox[15].SBOX_INST |     0.651 |
|       gen_sbox[1].SBOX_INST  |     0.884 |
|       gen_sbox[2].SBOX_INST  |     0.878 |
|       gen_sbox[3].SBOX_INST  |     0.708 |
|       gen_sbox[4].SBOX_INST  |     1.429 |
|       gen_sbox[5].SBOX_INST  |     0.947 |
|       gen_sbox[6].SBOX_INST  |     1.005 |
|       gen_sbox[7].SBOX_INST  |     0.762 |
|       gen_sbox[8].SBOX_INST  |     1.295 |
|       gen_sbox[9].SBOX_INST  |     0.913 |
|     Sub3                     |     7.795 |
|       gen_sbox[0].SBOX_INST  |     0.566 |
|       gen_sbox[10].SBOX_INST |     0.598 |
|       gen_sbox[11].SBOX_INST |     0.323 |
|       gen_sbox[12].SBOX_INST |     0.480 |
|       gen_sbox[13].SBOX_INST |     0.458 |
|       gen_sbox[14].SBOX_INST |     0.494 |
|       gen_sbox[15].SBOX_INST |     0.333 |
|       gen_sbox[1].SBOX_INST  |     0.540 |
|       gen_sbox[2].SBOX_INST  |     0.470 |
|       gen_sbox[3].SBOX_INST  |     0.432 |
|       gen_sbox[4].SBOX_INST  |     0.575 |
|       gen_sbox[5].SBOX_INST  |     0.518 |
|       gen_sbox[6].SBOX_INST  |     0.570 |
|       gen_sbox[7].SBOX_INST  |     0.356 |
|       gen_sbox[8].SBOX_INST  |     0.511 |
|       gen_sbox[9].SBOX_INST  |     0.571 |
|     Sub4                     |    25.224 |
|       gen_sbox[0].SBOX_INST  |     2.448 |
|       gen_sbox[10].SBOX_INST |     0.709 |
|       gen_sbox[11].SBOX_INST |     0.805 |
|       gen_sbox[12].SBOX_INST |     2.018 |
|       gen_sbox[13].SBOX_INST |     1.678 |
|       gen_sbox[14].SBOX_INST |     0.871 |
|       gen_sbox[15].SBOX_INST |     0.827 |
|       gen_sbox[1].SBOX_INST  |     1.023 |
|       gen_sbox[2].SBOX_INST  |     1.206 |
|       gen_sbox[3].SBOX_INST  |     1.379 |
|       gen_sbox[4].SBOX_INST  |     4.173 |
|       gen_sbox[5].SBOX_INST  |     1.439 |
|       gen_sbox[6].SBOX_INST  |     1.535 |
|       gen_sbox[7].SBOX_INST  |     1.415 |
|       gen_sbox[8].SBOX_INST  |     2.113 |
|       gen_sbox[9].SBOX_INST  |     1.586 |
+------------------------------+-----------+


